Component: ARM Compiler 5.06 update 6 (build 750) Tool: armlink [4d35ed]

==============================================================================

Section Cross References

    startup_stm32f103xb.o(RESET) refers to startup_stm32f103xb.o(STACK) for __initial_sp
    startup_stm32f103xb.o(RESET) refers to startup_stm32f103xb.o(.text) for Reset_Handler
    startup_stm32f103xb.o(RESET) refers to stm32f1xx_it.o(i.NMI_Handler) for NMI_Handler
    startup_stm32f103xb.o(RESET) refers to stm32f1xx_it.o(i.HardFault_Handler) for HardFault_Handler
    startup_stm32f103xb.o(RESET) refers to stm32f1xx_it.o(i.MemManage_Handler) for MemManage_Handler
    startup_stm32f103xb.o(RESET) refers to stm32f1xx_it.o(i.BusFault_Handler) for BusFault_Handler
    startup_stm32f103xb.o(RESET) refers to stm32f1xx_it.o(i.UsageFault_Handler) for UsageFault_Handler
    startup_stm32f103xb.o(RESET) refers to port.o(.emb_text) for SVC_Handler
    startup_stm32f103xb.o(RESET) refers to stm32f1xx_it.o(i.DebugMon_Handler) for DebugMon_Handler
    startup_stm32f103xb.o(RESET) refers to stm32f1xx_it.o(i.SysTick_Handler) for SysTick_Handler
    startup_stm32f103xb.o(RESET) refers to stm32f1xx_it.o(i.EXTI1_IRQHandler) for EXTI1_IRQHandler
    startup_stm32f103xb.o(RESET) refers to stm32f1xx_it.o(i.EXTI9_5_IRQHandler) for EXTI9_5_IRQHandler
    startup_stm32f103xb.o(RESET) refers to stm32f1xx_it.o(i.TIM1_UP_IRQHandler) for TIM1_UP_IRQHandler
    startup_stm32f103xb.o(RESET) refers to stm32f1xx_it.o(i.TIM3_IRQHandler) for TIM3_IRQHandler
    startup_stm32f103xb.o(RESET) refers to stm32f1xx_it.o(i.USART2_IRQHandler) for USART2_IRQHandler
    startup_stm32f103xb.o(RESET) refers to stm32f1xx_it.o(i.EXTI15_10_IRQHandler) for EXTI15_10_IRQHandler
    startup_stm32f103xb.o(.text) refers to system_stm32f1xx.o(i.SystemInit) for SystemInit
    startup_stm32f103xb.o(.text) refers to entry.o(.ARM.Collect$$$$00000000) for __main
    dwt_delay.o(i.DWT_Delay) refers to system_stm32f1xx.o(.data) for SystemCoreClock
    main.o(i.HAL_TIM_PeriodElapsedCallback) refers to stm32f1xx_hal.o(i.HAL_IncTick) for HAL_IncTick
    main.o(i.MX_GPIO_Init) refers to stm32f1xx_hal_gpio.o(i.HAL_GPIO_WritePin) for HAL_GPIO_WritePin
    main.o(i.MX_GPIO_Init) refers to stm32f1xx_hal_gpio.o(i.HAL_GPIO_Init) for HAL_GPIO_Init
    main.o(i.MX_GPIO_Init) refers to stm32f1xx_hal_cortex.o(i.HAL_NVIC_SetPriority) for HAL_NVIC_SetPriority
    main.o(i.MX_GPIO_Init) refers to stm32f1xx_hal_cortex.o(i.HAL_NVIC_EnableIRQ) for HAL_NVIC_EnableIRQ
    main.o(i.MX_TIM3_Init) refers to stm32f1xx_hal_tim.o(i.HAL_TIM_Base_Init) for HAL_TIM_Base_Init
    main.o(i.MX_TIM3_Init) refers to stm32f1xx_hal_tim.o(i.HAL_TIM_ConfigClockSource) for HAL_TIM_ConfigClockSource
    main.o(i.MX_TIM3_Init) refers to stm32f1xx_hal_tim_ex.o(i.HAL_TIMEx_MasterConfigSynchronization) for HAL_TIMEx_MasterConfigSynchronization
    main.o(i.MX_TIM3_Init) refers to main.o(.bss) for .bss
    main.o(i.MainMoveFunc) refers to cmsis_os.o(i.osDelay) for osDelay
    main.o(i.MainMoveFunc) refers to main.o(i.stop) for stop
    main.o(i.MainMoveFunc) refers to main.o(i.goForward) for goForward
    main.o(i.MainMoveFunc) refers to stm32f1xx_hal_gpio.o(i.HAL_GPIO_WritePin) for HAL_GPIO_WritePin
    main.o(i.MainMoveFunc) refers to main.o(i.right) for right
    main.o(i.MainMoveFunc) refers to main.o(i.left) for left
    main.o(i.MainMoveFunc) refers to main.o(i.clear) for clear
    main.o(i.MainMoveFunc) refers to main.o(i.clearmax) for clearmax
    main.o(i.MainMoveFunc) refers to main.o(.data) for .data
    main.o(i.ReadDist) refers to stm32f1xx_hal_gpio.o(i.HAL_GPIO_WritePin) for HAL_GPIO_WritePin
    main.o(i.ReadDist) refers to dwt_delay.o(i.DWT_Delay) for DWT_Delay
    main.o(i.ReadDist) refers to dflti.o(.text) for __aeabi_i2d
    main.o(i.ReadDist) refers to dmul.o(.text) for __aeabi_dmul
    main.o(i.ReadDist) refers to dfixui.o(.text) for __aeabi_d2uiz
    main.o(i.ReadDist) refers to main.o(i.addReading) for addReading
    main.o(i.ReadDist) refers to main.o(i.getReading) for getReading
    main.o(i.ReadDist) refers to cmsis_os.o(i.osDelay) for osDelay
    main.o(i.ReadDist) refers to main.o(.data) for .data
    main.o(i.ReadDist) refers to main.o(.bss) for .bss
    main.o(i.StartDefaultTask) refers to cmsis_os.o(i.osDelay) for osDelay
    main.o(i.SystemClock_Config) refers to stm32f1xx_hal_rcc.o(i.HAL_RCC_OscConfig) for HAL_RCC_OscConfig
    main.o(i.SystemClock_Config) refers to stm32f1xx_hal_rcc.o(i.HAL_RCC_ClockConfig) for HAL_RCC_ClockConfig
    main.o(i.SystemClock_Config) refers to stm32f1xx_hal_rcc.o(i.HAL_RCC_GetHCLKFreq) for HAL_RCC_GetHCLKFreq
    main.o(i.SystemClock_Config) refers to stm32f1xx_hal_cortex.o(i.HAL_SYSTICK_Config) for HAL_SYSTICK_Config
    main.o(i.SystemClock_Config) refers to stm32f1xx_hal_cortex.o(i.HAL_SYSTICK_CLKSourceConfig) for HAL_SYSTICK_CLKSourceConfig
    main.o(i.SystemClock_Config) refers to stm32f1xx_hal_cortex.o(i.HAL_NVIC_SetPriority) for HAL_NVIC_SetPriority
[...]
    Removing stm32f1xx_hal_cortex.o(i.HAL_NVIC_SetPendingIRQ), (22 bytes).
    Removing stm32f1xx_hal_cortex.o(i.HAL_NVIC_SystemReset), (36 bytes).
    Removing stm32f1xx_hal_cortex.o(i.HAL_SYSTICK_Callback), (2 bytes).
    Removing stm32f1xx_hal_cortex.o(i.HAL_SYSTICK_IRQHandler), (8 bytes).
    Removing stm32f1xx_hal_pwr.o(.rev16_text), (4 bytes).
    Removing stm32f1xx_hal_pwr.o(.revsh_text), (4 bytes).
    Removing stm32f1xx_hal_pwr.o(.rrx_text), (6 bytes).
    Removing stm32f1xx_hal_pwr.o(i.HAL_PWR_ConfigPVD), (124 bytes).
    Removing stm32f1xx_hal_pwr.o(i.HAL_PWR_DeInit), (24 bytes).
    Removing stm32f1xx_hal_pwr.o(i.HAL_PWR_DisableBkUpAccess), (12 bytes).
    Removing stm32f1xx_hal_pwr.o(i.HAL_PWR_DisablePVD), (12 bytes).
    Removing stm32f1xx_hal_pwr.o(i.HAL_PWR_DisableSEVOnPend), (16 bytes).
    Removing stm32f1xx_hal_pwr.o(i.HAL_PWR_DisableSleepOnExit), (16 bytes).
    Removing stm32f1xx_hal_pwr.o(i.HAL_PWR_DisableWakeUpPin), (28 bytes).
    Removing stm32f1xx_hal_pwr.o(i.HAL_PWR_EnableBkUpAccess), (12 bytes).
    Removing stm32f1xx_hal_pwr.o(i.HAL_PWR_EnablePVD), (12 bytes).
    Removing stm32f1xx_hal_pwr.o(i.HAL_PWR_EnableSEVOnPend), (16 bytes).
    Removing stm32f1xx_hal_pwr.o(i.HAL_PWR_EnableSleepOnExit), (16 bytes).
    Removing stm32f1xx_hal_pwr.o(i.HAL_PWR_EnableWakeUpPin), (28 bytes).
    Removing stm32f1xx_hal_pwr.o(i.HAL_PWR_EnterSLEEPMode), (32 bytes).
    Removing stm32f1xx_hal_pwr.o(i.HAL_PWR_EnterSTANDBYMode), (32 bytes).
    Removing stm32f1xx_hal_pwr.o(i.HAL_PWR_EnterSTOPMode), (68 bytes).
    Removing stm32f1xx_hal_pwr.o(i.HAL_PWR_PVDCallback), (2 bytes).
    Removing stm32f1xx_hal_pwr.o(i.HAL_PWR_PVD_IRQHandler), (28 bytes).
    Removing stm32f1xx_hal_pwr.o(i.PWR_OverloadWfe), (6 bytes).
    Removing stm32f1xx_hal_flash.o(.rev16_text), (4 bytes).
    Removing stm32f1xx_hal_flash.o(.revsh_text), (4 bytes).
    Removing stm32f1xx_hal_flash.o(.rrx_text), (6 bytes).
    Removing stm32f1xx_hal_flash.o(i.FLASH_Program_HalfWord), (28 bytes).
    Removing stm32f1xx_hal_flash.o(i.FLASH_SetErrorCode), (92 bytes).
    Removing stm32f1xx_hal_flash.o(i.FLASH_WaitForLastOperation), (84 bytes).
    Removing stm32f1xx_hal_flash.o(i.HAL_FLASH_EndOfOperationCallback), (2 bytes).
    Removing stm32f1xx_hal_flash.o(i.HAL_FLASH_GetError), (12 bytes).
    Removing stm32f1xx_hal_flash.o(i.HAL_FLASH_IRQHandler), (264 bytes).
    Removing stm32f1xx_hal_flash.o(i.HAL_FLASH_Lock), (20 bytes).
    Removing stm32f1xx_hal_flash.o(i.HAL_FLASH_OB_Launch), (4 bytes).
    Removing stm32f1xx_hal_flash.o(i.HAL_FLASH_OB_Lock), (20 bytes).
    Removing stm32f1xx_hal_flash.o(i.HAL_FLASH_OB_Unlock), (36 bytes).
    Removing stm32f1xx_hal_flash.o(i.HAL_FLASH_OperationErrorCallback), (2 bytes).
    Removing stm32f1xx_hal_flash.o(i.HAL_FLASH_Program), (128 bytes).
    Removing stm32f1xx_hal_flash.o(i.HAL_FLASH_Program_IT), (100 bytes).
    Removing stm32f1xx_hal_flash.o(i.HAL_FLASH_Unlock), (40 bytes).
    Removing stm32f1xx_hal_flash.o(.bss), (32 bytes).
    Removing stm32f1xx_hal_flash_ex.o(.rev16_text), (4 bytes).
    Removing stm32f1xx_hal_flash_ex.o(.revsh_text), (4 bytes).
    Removing stm32f1xx_hal_flash_ex.o(.rrx_text), (6 bytes).
    Removing stm32f1xx_hal_flash_ex.o(i.FLASH_MassErase), (36 bytes).
    Removing stm32f1xx_hal_flash_ex.o(i.FLASH_OB_DisableWRP), (176 bytes).
    Removing stm32f1xx_hal_flash_ex.o(i.FLASH_OB_EnableWRP), (176 bytes).
    Removing stm32f1xx_hal_flash_ex.o(i.FLASH_OB_GetRDP), (24 bytes).
    Removing stm32f1xx_hal_flash_ex.o(i.FLASH_OB_RDP_LevelConfig), (100 bytes).
    Removing stm32f1xx_hal_flash_ex.o(i.FLASH_PageErase), (36 bytes).
    Removing stm32f1xx_hal_flash_ex.o(i.HAL_FLASHEx_Erase), (168 bytes).
    Removing stm32f1xx_hal_flash_ex.o(i.HAL_FLASHEx_Erase_IT), (84 bytes).
    Removing stm32f1xx_hal_flash_ex.o(i.HAL_FLASHEx_OBErase), (84 bytes).
    Removing stm32f1xx_hal_flash_ex.o(i.HAL_FLASHEx_OBGetConfig), (36 bytes).
    Removing stm32f1xx_hal_flash_ex.o(i.HAL_FLASHEx_OBGetUserData), (32 bytes).
    Removing stm32f1xx_hal_flash_ex.o(i.HAL_FLASHEx_OBProgram), (200 bytes).
    Removing system_stm32f1xx.o(.rev16_text), (4 bytes).
    Removing system_stm32f1xx.o(.revsh_text), (4 bytes).
    Removing system_stm32f1xx.o(.rrx_text), (6 bytes).
    Removing system_stm32f1xx.o(i.SystemCoreClockUpdate), (104 bytes).
    Removing heap_4.o(i.vPortInitialiseBlocks), (2 bytes).
    Removing heap_4.o(i.xPortGetFreeHeapSize), (12 bytes).
    Removing heap_4.o(i.xPortGetMinimumEverFreeHeapSize), (12 bytes).
    Removing port.o(i.vPortEndScheduler), (32 bytes).
    Removing port.o(i.vPortValidateInterruptPriority), (84 bytes).
    Removing event_groups.o(i.prvTestWaitCondition), (20 bytes).
    Removing event_groups.o(i.vEventGroupClearBitsCallback), (4 bytes).
    Removing event_groups.o(i.vEventGroupDelete), (70 bytes).
    Removing event_groups.o(i.vEventGroupSetBitsCallback), (4 bytes).
    Removing event_groups.o(i.xEventGroupClearBits), (64 bytes).
    Removing event_groups.o(i.xEventGroupCreate), (26 bytes).
    Removing event_groups.o(i.xEventGroupGetBitsFromISR), (26 bytes).
    Removing event_groups.o(i.xEventGroupSetBits), (140 bytes).
    Removing event_groups.o(i.xEventGroupSync), (204 bytes).
    Removing event_groups.o(i.xEventGroupWaitBits), (264 bytes).
    Removing queue.o(i.pcQueueGetName), (40 bytes).
    Removing queue.o(i.prvCopyDataFromQueue), (38 bytes).
    Removing queue.o(i.prvCopyDataToQueue), (108 bytes).
    Removing queue.o(i.prvIsQueueEmpty), (28 bytes).
    Removing queue.o(i.prvUnlockQueue), (106 bytes).
    Removing queue.o(i.uxQueueMessagesWaiting), (36 bytes).
    Removing queue.o(i.uxQueueMessagesWaitingFromISR), (22 bytes).
    Removing queue.o(i.uxQueueSpacesAvailable), (40 bytes).
    Removing queue.o(i.vQueueAddToRegistry), (40 bytes).
    Removing queue.o(i.vQueueDelete), (36 bytes).
    Removing queue.o(i.vQueueUnregisterQueue), (40 bytes).
    Removing queue.o(i.xQueueCreateMutex), (36 bytes).
    Removing queue.o(i.xQueueGenericCreate), (72 bytes).
    Removing queue.o(i.xQueueGenericReceive), (364 bytes).
    Removing queue.o(i.xQueueGenericReset), (136 bytes).
    Removing queue.o(i.xQueueGenericSend), (352 bytes).
    Removing queue.o(i.xQueueGenericSendFromISR), (188 bytes).
    Removing queue.o(i.xQueueGiveFromISR), (156 bytes).
    Removing queue.o(i.xQueueIsQueueEmptyFromISR), (30 bytes).
    Removing queue.o(i.xQueueIsQueueFullFromISR), (34 bytes).
    Removing queue.o(i.xQueuePeekFromISR), (116 bytes).
    Removing queue.o(i.xQueueReceiveFromISR), (154 bytes).
    Removing queue.o(.bss), (64 bytes).
    Removing tasks.o(i.pcTaskGetName), (32 bytes).
    Removing tasks.o(i.prvTaskIsTaskSuspended), (52 bytes).
    Removing tasks.o(i.pvTaskIncrementMutexHeldCount), (24 bytes).
    Removing tasks.o(i.ulTaskNotifyTake), (104 bytes).
    Removing tasks.o(i.uxTaskGetNumberOfTasks), (12 bytes).
    Removing tasks.o(i.uxTaskPriorityGet), (28 bytes).
    Removing tasks.o(i.uxTaskPriorityGetFromISR), (44 bytes).
    Removing tasks.o(i.uxTaskResetEventItemValue), (24 bytes).
    Removing tasks.o(i.vTaskDelete), (172 bytes).
    Removing tasks.o(i.vTaskEndScheduler), (28 bytes).
    Removing tasks.o(i.vTaskMissedYield), (12 bytes).
    Removing tasks.o(i.vTaskNotifyGiveFromISR), (184 bytes).
    Removing tasks.o(i.vTaskPlaceOnEventList), (48 bytes).
    Removing tasks.o(i.vTaskPlaceOnUnorderedEventList), (80 bytes).
    Removing tasks.o(i.vTaskPriorityInherit), (132 bytes).
    Removing tasks.o(i.vTaskPrioritySet), (196 bytes).
    Removing tasks.o(i.vTaskResume), (124 bytes).
    Removing tasks.o(i.vTaskSetTimeOutState), (36 bytes).
    Removing tasks.o(i.vTaskSuspend), (176 bytes).
    Removing tasks.o(i.xTaskCheckForTimeOut), (108 bytes).
    Removing tasks.o(i.xTaskGenericNotify), (204 bytes).
    Removing tasks.o(i.xTaskGenericNotifyFromISR), (240 bytes).
    Removing tasks.o(i.xTaskGetCurrentTaskHandle), (12 bytes).
    Removing tasks.o(i.xTaskGetTickCount), (12 bytes).
    Removing tasks.o(i.xTaskGetTickCountFromISR), (16 bytes).
    Removing tasks.o(i.xTaskNotifyStateClear), (52 bytes).
    Removing tasks.o(i.xTaskNotifyWait), (140 bytes).
    Removing tasks.o(i.xTaskPriorityDisinherit), (152 bytes).
    Removing tasks.o(i.xTaskRemoveFromEventList), (116 bytes).
    Removing tasks.o(i.xTaskRemoveFromUnorderedEventList), (120 bytes).
    Removing tasks.o(i.xTaskResumeFromISR), (136 bytes).
    Removing cmsis_os.o(.rev16_text), (4 bytes).
    Removing cmsis_os.o(.revsh_text), (4 bytes).
    Removing cmsis_os.o(i.inHandlerMode), (12 bytes).
    Removing cmsis_os.o(i.makeCmsisPriority), (14 bytes).
    Removing cmsis_os.o(i.osAbortDelay), (4 bytes).
    Removing cmsis_os.o(i.osDelayUntil), (4 bytes).
    Removing cmsis_os.o(i.osKernelRunning), (18 bytes).
    Removing cmsis_os.o(i.osKernelSysTick), (24 bytes).
    Removing cmsis_os.o(i.osMailAlloc), (12 bytes).
    Removing cmsis_os.o(i.osMailCAlloc), (32 bytes).
    Removing cmsis_os.o(i.osMailCreate), (92 bytes).
    Removing cmsis_os.o(i.osMailFree), (12 bytes).
    Removing cmsis_os.o(i.osMailGet), (148 bytes).
    Removing cmsis_os.o(i.osMailPut), (92 bytes).
    Removing cmsis_os.o(i.osMessageAvailableSpace), (4 bytes).
    Removing cmsis_os.o(i.osMessageCreate), (8 bytes).
    Removing cmsis_os.o(i.osMessageDelete), (24 bytes).
    Removing cmsis_os.o(i.osMessageGet), (152 bytes).
    Removing cmsis_os.o(i.osMessagePeek), (78 bytes).
    Removing cmsis_os.o(i.osMessagePut), (92 bytes).
    Removing cmsis_os.o(i.osMessageWaiting), (30 bytes).
    Removing cmsis_os.o(i.osMutexCreate), (6 bytes).
    Removing cmsis_os.o(i.osMutexDelete), (24 bytes).
    Removing cmsis_os.o(i.osMutexRelease), (80 bytes).
    Removing cmsis_os.o(i.osMutexWait), (104 bytes).
    Removing cmsis_os.o(i.osPoolAlloc), (106 bytes).
    Removing cmsis_os.o(i.osPoolCAlloc), (16 bytes).
    Removing cmsis_os.o(i.osPoolCreate), (94 bytes).
    Removing cmsis_os.o(i.osPoolFree), (48 bytes).
    Removing cmsis_os.o(i.osRecursiveMutexCreate), (4 bytes).
    Removing cmsis_os.o(i.osRecursiveMutexRelease), (4 bytes).
    Removing cmsis_os.o(i.osRecursiveMutexWait), (4 bytes).
    Removing cmsis_os.o(i.osSemaphoreCreate), (38 bytes).
    Removing cmsis_os.o(i.osSemaphoreDelete), (24 bytes).
    Removing cmsis_os.o(i.osSemaphoreGetCount), (4 bytes).
    Removing cmsis_os.o(i.osSemaphoreRelease), (80 bytes).
    Removing cmsis_os.o(i.osSemaphoreWait), (104 bytes).
    Removing cmsis_os.o(i.osSignalSet), (92 bytes).
    Removing cmsis_os.o(i.osSignalWait), (86 bytes).
    Removing cmsis_os.o(i.osThreadGetId), (4 bytes).
    Removing cmsis_os.o(i.osThreadGetPriority), (32 bytes).
    Removing cmsis_os.o(i.osThreadList), (4 bytes).
    Removing cmsis_os.o(i.osThreadResume), (52 bytes).
    Removing cmsis_os.o(i.osThreadResumeAll), (18 bytes).
    Removing cmsis_os.o(i.osThreadSetPriority), (22 bytes).
    Removing cmsis_os.o(i.osThreadSuspend), (10 bytes).
    Removing cmsis_os.o(i.osThreadSuspendAll), (10 bytes).
    Removing cmsis_os.o(i.osThreadTerminate), (10 bytes).
    Removing cmsis_os.o(i.osThreadYield), (24 bytes).
    Removing cmsis_os.o(i.osTimerCreate), (4 bytes).
    Removing cmsis_os.o(i.osTimerDelete), (4 bytes).
    Removing cmsis_os.o(i.osTimerStart), (4 bytes).
    Removing cmsis_os.o(i.osTimerStop), (4 bytes).

461 unused section(s) (total 26504 bytes) removed from the image.

==============================================================================

Image Symbol Table

    Local Symbols

    Symbol Name                              Value     Ov Type        Size  Object(Section)

    ..//Src/system_stm32f1xx.c               0x00000000   Number         0  system_stm32f1xx.o ABSOLUTE
    ../Drivers/STM32F1xx_HAL_Driver/Src/stm32f1xx_hal.c 0x00000000   Number         0  stm32f1xx_hal.o ABSOLUTE
    ../Drivers/STM32F1xx_HAL_Driver/Src/stm32f1xx_hal_cortex.c 0x00000000   Number         0  stm32f1xx_hal_cortex.o ABSOLUTE
    ../Drivers/STM32F1xx_HAL_Driver/Src/stm32f1xx_hal_dma.c 0x00000000   Number         0  stm32f1xx_hal_dma.o ABSOLUTE
    ../Drivers/STM32F1xx_HAL_Driver/Src/stm32f1xx_hal_flash.c 0x00000000   Number         0  stm32f1xx_hal_flash.o ABSOLUTE
    ../Drivers/STM32F1xx_HAL_Driver/Src/stm32f1xx_hal_flash_ex.c 0x00000000   Number         0  stm32f1xx_hal_flash_ex.o ABSOLUTE
    ../Drivers/STM32F1xx_HAL_Driver/Src/stm32f1xx_hal_gpio.c 0x00000000   Number         0  stm32f1xx_hal_gpio.o ABSOLUTE
    ../Drivers/STM32F1xx_HAL_Driver/Src/stm32f1xx_hal_gpio_ex.c 0x00000000   Number         0  stm32f1xx_hal_gpio_ex.o ABSOLUTE
    ../Drivers/STM32F1xx_HAL_Driver/Src/stm32f1xx_hal_pwr.c 0x00000000   Number         0  stm32f1xx_hal_pwr.o ABSOLUTE
    ../Drivers/STM32F1xx_HAL_Driver/Src/stm32f1xx_hal_rcc.c 0x00000000   Number         0  stm32f1xx_hal_rcc.o ABSOLUTE
    ../Drivers/STM32F1xx_HAL_Driver/Src/stm32f1xx_hal_rcc_ex.c 0x00000000   Number         0  stm32f1xx_hal_rcc_ex.o ABSOLUTE
    ../Drivers/STM32F1xx_HAL_Driver/Src/stm32f1xx_hal_tim.c 0x00000000   Number         0  stm32f1xx_hal_tim.o ABSOLUTE
    ../Drivers/STM32F1xx_HAL_Driver/Src/stm32f1xx_hal_tim_ex.c 0x00000000   Number         0  stm32f1xx_hal_tim_ex.o ABSOLUTE
    ../Drivers/STM32F1xx_HAL_Driver/Src/stm32f1xx_hal_uart.c 0x00000000   Number         0  stm32f1xx_hal_uart.o ABSOLUTE
    ../Middlewares/Third_Party/FreeRTOS/Source/CMSIS_RTOS/cmsis_os.c 0x00000000   Number         0  cmsis_os.o ABSOLUTE
    ../Middlewares/Third_Party/FreeRTOS/Source/croutine.c 0x00000000   Number         0  croutine.o ABSOLUTE
    ../Middlewares/Third_Party/FreeRTOS/Source/event_groups.c 0x00000000   Number         0  event_groups.o ABSOLUTE
    ../Middlewares/Third_Party/FreeRTOS/Source/list.c 0x00000000   Number         0  list.o ABSOLUTE
    ../Middlewares/Third_Party/FreeRTOS/Source/portable/MemMang/heap_4.c 0x00000000   Number         0  heap_4.o ABSOLUTE
    ../Middlewares/Third_Party/FreeRTOS/Source/portable/RVDS/ARM_CM3/port.c 0x00000000   Number         0  port.o ABSOLUTE
    ../Middlewares/Third_Party/FreeRTOS/Source/queue.c 0x00000000   Number         0  queue.o ABSOLUTE
    ../Middlewares/Third_Party/FreeRTOS/Source/tasks.c 0x00000000   Number         0  tasks.o ABSOLUTE
    ../Middlewares/Third_Party/FreeRTOS/Source/timers.c 0x00000000   Number         0  timers.o ABSOLUTE
    ../Src/freertos.c                        0x00000000   Number         0  freertos.o ABSOLUTE
    ../Src/main.c                            0x00000000   Number         0  main.o ABSOLUTE
    ../Src/stm32f1xx_hal_msp.c               0x00000000   Number         0  stm32f1xx_hal_msp.o ABSOLUTE
    ../Src/stm32f1xx_hal_timebase_TIM.c      0x00000000   Number         0  stm32f1xx_hal_timebase_tim.o ABSOLUTE
    ../Src/stm32f1xx_it.c                    0x00000000   Number         0  stm32f1xx_it.o ABSOLUTE
    ../clib/microlib/init/entry.s            0x00000000   Number         0  entry.o ABSOLUTE
    ../clib/microlib/init/entry.s            0x00000000   Number         0  entry10a.o ABSOLUTE
    ../clib/microlib/init/entry.s            0x00000000   Number         0  entry11b.o ABSOLUTE
    ../clib/microlib/init/entry.s            0x00000000   Number         0  entry5.o ABSOLUTE
    ../clib/microlib/init/entry.s            0x00000000   Number         0  entry7b.o ABSOLUTE
    ../clib/microlib/init/entry.s            0x00000000   Number         0  entry7a.o ABSOLUTE
    ../clib/microlib/init/entry.s            0x00000000   Number         0  entry9a.o ABSOLUTE
    ../clib/microlib/init/entry.s            0x00000000   Number         0  entry9b.o ABSOLUTE
    ../clib/microlib/init/entry.s            0x00000000   Number         0  entry8a.o ABSOLUTE
    ../clib/microlib/init/entry.s            0x00000000   Number         0  entry10b.o ABSOLUTE
    ../clib/microlib/init/entry.s            0x00000000   Number         0  entry11a.o ABSOLUTE
    ../clib/microlib/init/entry.s            0x00000000   Number         0  entry2.o ABSOLUTE
    ../clib/microlib/init/entry.s            0x00000000   Number         0  entry8b.o ABSOLUTE
    ../clib/microlib/longlong.c              0x00000000   Number         0  llushr.o ABSOLUTE
    ../clib/microlib/longlong.c              0x00000000   Number         0  llshl.o ABSOLUTE
    ../clib/microlib/string/memcpy.c         0x00000000   Number         0  memcpyb.o ABSOLUTE
    ../clib/microlib/string/memcpy.c         0x00000000   Number         0  memcpya.o ABSOLUTE
    ../clib/microlib/stubs.s                 0x00000000   Number         0  iusefp.o ABSOLUTE
    ../fplib/microlib/fpadd.c                0x00000000   Number         0  fadd.o ABSOLUTE
    ../fplib/microlib/fpdiv.c                0x00000000   Number         0  fdiv.o ABSOLUTE
    ../fplib/microlib/fpepilogue.c           0x00000000   Number         0  fepilogue.o ABSOLUTE
    ../fplib/microlib/fpepilogue.c           0x00000000   Number         0  depilogue.o ABSOLUTE
    ../fplib/microlib/fpfix.c                0x00000000   Number         0  ffixi.o ABSOLUTE
    ../fplib/microlib/fpfix.c                0x00000000   Number         0  dfixui.o ABSOLUTE
    ../fplib/microlib/fpflt.c                0x00000000   Number         0  fflti.o ABSOLUTE
    ../fplib/microlib/fpflt.c                0x00000000   Number         0  dflti.o ABSOLUTE
    ../fplib/microlib/fpmul.c                0x00000000   Number         0  dmul.o ABSOLUTE
    ../fplib/microlib/fpmul.c                0x00000000   Number         0  fmul.o ABSOLUTE
    ..\Drivers\STM32F1xx_HAL_Driver\Src\stm32f1xx_hal.c 0x00000000   Number         0  stm32f1xx_hal.o ABSOLUTE
    ..\Drivers\STM32F1xx_HAL_Driver\Src\stm32f1xx_hal_cortex.c 0x00000000   Number         0  stm32f1xx_hal_cortex.o ABSOLUTE
    ..\Drivers\STM32F1xx_HAL_Driver\Src\stm32f1xx_hal_dma.c 0x00000000   Number         0  stm32f1xx_hal_dma.o ABSOLUTE
    ..\Drivers\STM32F1xx_HAL_Driver\Src\stm32f1xx_hal_flash.c 0x00000000   Number         0  stm32f1xx_hal_flash.o ABSOLUTE
    ..\Drivers\STM32F1xx_HAL_Driver\Src\stm32f1xx_hal_flash_ex.c 0x00000000   Number         0  stm32f1xx_hal_flash_ex.o ABSOLUTE
    ..\Drivers\STM32F1xx_HAL_Driver\Src\stm32f1xx_hal_gpio.c 0x00000000   Number         0  stm32f1xx_hal_gpio.o ABSOLUTE
    ..\Drivers\STM32F1xx_HAL_Driver\Src\stm32f1xx_hal_gpio_ex.c 0x00000000   Number         0  stm32f1xx_hal_gpio_ex.o ABSOLUTE
    ..\Drivers\STM32F1xx_HAL_Driver\Src\stm32f1xx_hal_pwr.c 0x00000000   Number         0  stm32f1xx_hal_pwr.o ABSOLUTE
    ..\Drivers\STM32F1xx_HAL_Driver\Src\stm32f1xx_hal_rcc.c 0x00000000   Number         0  stm32f1xx_hal_rcc.o ABSOLUTE
    ..\Drivers\STM32F1xx_HAL_Driver\Src\stm32f1xx_hal_rcc_ex.c 0x00000000   Number         0  stm32f1xx_hal_rcc_ex.o ABSOLUTE
    ..\Drivers\STM32F1xx_HAL_Driver\Src\stm32f1xx_hal_tim.c 0x00000000   Number         0  stm32f1xx_hal_tim.o ABSOLUTE
    ..\Drivers\STM32F1xx_HAL_Driver\Src\stm32f1xx_hal_tim_ex.c 0x00000000   Number         0  stm32f1xx_hal_tim_ex.o ABSOLUTE
    ..\Drivers\STM32F1xx_HAL_Driver\Src\stm32f1xx_hal_uart.c 0x00000000   Number         0  stm32f1xx_hal_uart.o ABSOLUTE
    ..\Middlewares\Third_Party\FreeRTOS\Source\CMSIS_RTOS\cmsis_os.c 0x00000000   Number         0  cmsis_os.o ABSOLUTE
    ..\Middlewares\Third_Party\FreeRTOS\Source\portable\RVDS\ARM_CM3\port.c 0x00000000   Number         0  port.o ABSOLUTE
    ..\Src\dwt_delay.c                       0x00000000   Number         0  dwt_delay.o ABSOLUTE
    ..\Src\main.c                            0x00000000   Number         0  main.o ABSOLUTE
    ..\Src\stm32f1xx_hal_msp.c               0x00000000   Number         0  stm32f1xx_hal_msp.o ABSOLUTE
    ..\Src\stm32f1xx_hal_timebase_TIM.c      0x00000000   Number         0  stm32f1xx_hal_timebase_tim.o ABSOLUTE
    ..\Src\stm32f1xx_it.c                    0x00000000   Number         0  stm32f1xx_it.o ABSOLUTE
    ..\\Src\\dwt_delay.c                     0x00000000   Number         0  dwt_delay.o ABSOLUTE
    ..\\Src\system_stm32f1xx.c               0x00000000   Number         0  system_stm32f1xx.o ABSOLUTE
    dc.s                                     0x00000000   Number         0  dc.o ABSOLUTE
    handlers.s                               0x00000000   Number         0  handlers.o ABSOLUTE
    init.s                                   0x00000000   Number         0  init.o ABSOLUTE
    startup_stm32f103xb.s                    0x00000000   Number         0  startup_stm32f103xb.o ABSOLUTE
    RESET                                    0x08000000   Section      236  startup_stm32f103xb.o(RESET)
    .ARM.Collect$$$$00000000                 0x080000ec   Section        0  entry.o(.ARM.Collect$$$$00000000)
    .ARM.Collect$$$$00000001                 0x080000ec   Section        4  entry2.o(.ARM.Collect$$$$00000001)
    .ARM.Collect$$$$00000004                 0x080000f0   Section        4  entry5.o(.ARM.Collect$$$$00000004)
    .ARM.Collect$$$$00000008                 0x080000f4   Section        0  entry7b.o(.ARM.Collect$$$$00000008)
    .ARM.Collect$$$$0000000A                 0x080000f4   Section        0  entry8b.o(.ARM.Collect$$$$0000000A)
    .ARM.Collect$$$$0000000B                 0x080000f4   Section        8  entry9a.o(.ARM.Collect$$$$0000000B)
    .ARM.Collect$$$$0000000D                 0x080000fc   Section        0  entry10a.o(.ARM.Collect$$$$0000000D)
    .ARM.Collect$$$$0000000F                 0x080000fc   Section        0  entry11a.o(.ARM.Collect$$$$0000000F)
    .ARM.Collect$$$$00002712                 0x080000fc   Section        4  entry2.o(.ARM.Collect$$$$00002712)
    __lit__00000000                          0x080000fc   Data           4  entry2.o(.ARM.Collect$$$$00002712)
    .emb_text                                0x08000100   Section      150  port.o(.emb_text)
    .text                                    0x08000198   Section       36  startup_stm32f103xb.o(.text)
    .text                                    0x080001bc   Section        0  llushr.o(.text)
    .text                                    0x080001dc   Section        0  memcpya.o(.text)
    .text                                    0x08000200   Section        0  fadd.o(.text)
    .text                                    0x080002b0   Section        0  fmul.o(.text)
    .text                                    0x08000314   Section        0  fdiv.o(.text)
    .text                                    0x08000390   Section        0  dmul.o(.text)
    .text                                    0x08000474   Section        0  fflti.o(.text)
    .text                                    0x08000486   Section        0  dflti.o(.text)
    .text                                    0x080004a8   Section        0  ffixi.o(.text)
    .text                                    0x080004da   Section        0  dfixui.o(.text)
    .text                                    0x0800050c   Section        0  fepilogue.o(.text)
    .text                                    0x0800050c   Section        0  iusefp.o(.text)
    .text                                    0x0800057a   Section        0  depilogue.o(.text)
    .text                                    0x08000634   Section       36  init.o(.text)
    .text                                    0x08000658   Section        0  llshl.o(.text)
    i.BusFault_Handler                       0x08000676   Section        0  stm32f1xx_it.o(i.BusFault_Handler)
    i.DWT_Delay                              0x08000678   Section        0  dwt_delay.o(i.DWT_Delay)
    i.DWT_Init                               0x080006a0   Section        0  dwt_delay.o(i.DWT_Init)
    i.DebugMon_Handler                       0x080006c8   Section        0  stm32f1xx_it.o(i.DebugMon_Handler)
    i.EXTI15_10_IRQHandler                   0x080006cc   Section        0  stm32f1xx_it.o(i.EXTI15_10_IRQHandler)
    i.EXTI1_IRQHandler                       0x0800072c   Section        0  stm32f1xx_it.o(i.EXTI1_IRQHandler)
    i.EXTI9_5_IRQHandler                     0x08000788   Section        0  stm32f1xx_it.o(i.EXTI9_5_IRQHandler)
    i.HAL_DMA_Abort_IT                       0x080007e8   Section        0  stm32f1xx_hal_dma.o(i.HAL_DMA_Abort_IT)
    i.HAL_Delay                              0x08000880   Section        0  stm32f1xx_hal.o(i.HAL_Delay)
    i.HAL_GPIO_EXTI_Callback                 0x080008a4   Section        0  stm32f1xx_hal_gpio.o(i.HAL_GPIO_EXTI_Callback)
    i.HAL_GPIO_EXTI_IRQHandler               0x080008a8   Section        0  stm32f1xx_hal_gpio.o(i.HAL_GPIO_EXTI_IRQHandler)
    i.HAL_GPIO_Init                          0x080008c0   Section        0  stm32f1xx_hal_gpio.o(i.HAL_GPIO_Init)
    i.HAL_GPIO_ReadPin                       0x08000a7c   Section        0  stm32f1xx_hal_gpio.o(i.HAL_GPIO_ReadPin)
    i.HAL_GPIO_WritePin                      0x08000a86   Section        0  stm32f1xx_hal_gpio.o(i.HAL_GPIO_WritePin)
    i.HAL_GetTick                            0x08000a90   Section        0  stm32f1xx_hal.o(i.HAL_GetTick)
    i.HAL_IncTick                            0x08000a9c   Section        0  stm32f1xx_hal.o(i.HAL_IncTick)
    i.HAL_Init                               0x08000aac   Section        0  stm32f1xx_hal.o(i.HAL_Init)
    i.HAL_InitTick                           0x08000ad0   Section        0  stm32f1xx_hal_timebase_tim.o(i.HAL_InitTick)
    i.HAL_MspInit                            0x08000b44   Section        0  stm32f1xx_hal_msp.o(i.HAL_MspInit)
    i.HAL_NVIC_EnableIRQ                     0x08000bd4   Section        0  stm32f1xx_hal_cortex.o(i.HAL_NVIC_EnableIRQ)
    i.HAL_NVIC_SetPriority                   0x08000bec   Section        0  stm32f1xx_hal_cortex.o(i.HAL_NVIC_SetPriority)
    i.HAL_NVIC_SetPriorityGrouping           0x08000c2c   Section        0  stm32f1xx_hal_cortex.o(i.HAL_NVIC_SetPriorityGrouping)
    i.HAL_RCC_ClockConfig                    0x08000c50   Section        0  stm32f1xx_hal_rcc.o(i.HAL_RCC_ClockConfig)
    i.HAL_RCC_GetClockConfig                 0x08000da4   Section        0  stm32f1xx_hal_rcc.o(i.HAL_RCC_GetClockConfig)
    i.HAL_RCC_GetHCLKFreq                    0x08000de4   Section        0  stm32f1xx_hal_rcc.o(i.HAL_RCC_GetHCLKFreq)
    i.HAL_RCC_GetPCLK1Freq                   0x08000df0   Section        0  stm32f1xx_hal_rcc.o(i.HAL_RCC_GetPCLK1Freq)
    i.HAL_RCC_GetPCLK2Freq                   0x08000e10   Section        0  stm32f1xx_hal_rcc.o(i.HAL_RCC_GetPCLK2Freq)
    i.HAL_RCC_GetSysClockFreq                0x08000e30   Section        0  stm32f1xx_hal_rcc.o(i.HAL_RCC_GetSysClockFreq)
    i.HAL_RCC_OscConfig                      0x08000e9c   Section        0  stm32f1xx_hal_rcc.o(i.HAL_RCC_OscConfig)
    i.HAL_SYSTICK_CLKSourceConfig            0x080011a0   Section        0  stm32f1xx_hal_cortex.o(i.HAL_SYSTICK_CLKSourceConfig)
    i.HAL_SYSTICK_Config                     0x080011b8   Section        0  stm32f1xx_hal_cortex.o(i.HAL_SYSTICK_Config)
    i.HAL_TIMEx_BreakCallback                0x080011e0   Section        0  stm32f1xx_hal_tim_ex.o(i.HAL_TIMEx_BreakCallback)
    i.HAL_TIMEx_CommutationCallback          0x080011e2   Section        0  stm32f1xx_hal_tim_ex.o(i.HAL_TIMEx_CommutationCallback)
    i.HAL_TIMEx_MasterConfigSynchronization  0x080011e4   Section        0  stm32f1xx_hal_tim_ex.o(i.HAL_TIMEx_MasterConfigSynchronization)
    i.HAL_TIM_Base_Init                      0x08001234   Section        0  stm32f1xx_hal_tim.o(i.HAL_TIM_Base_Init)
    i.HAL_TIM_Base_MspInit                   0x0800126c   Section        0  stm32f1xx_hal_msp.o(i.HAL_TIM_Base_MspInit)
    i.HAL_TIM_Base_Start_IT                  0x080012a8   Section        0  stm32f1xx_hal_tim.o(i.HAL_TIM_Base_Start_IT)
    i.HAL_TIM_ConfigClockSource              0x080012c0   Section        0  stm32f1xx_hal_tim.o(i.HAL_TIM_ConfigClockSource)
    i.HAL_TIM_IC_CaptureCallback             0x080013b2   Section        0  stm32f1xx_hal_tim.o(i.HAL_TIM_IC_CaptureCallback)
    i.HAL_TIM_IRQHandler                     0x080013b4   Section        0  stm32f1xx_hal_tim.o(i.HAL_TIM_IRQHandler)
    i.HAL_TIM_OC_DelayElapsedCallback        0x0800151a   Section        0  stm32f1xx_hal_tim.o(i.HAL_TIM_OC_DelayElapsedCallback)
    i.HAL_TIM_PWM_PulseFinishedCallback      0x0800151c   Section        0  stm32f1xx_hal_tim.o(i.HAL_TIM_PWM_PulseFinishedCallback)
    i.HAL_TIM_PeriodElapsedCallback          0x08001520   Section        0  main.o(i.HAL_TIM_PeriodElapsedCallback)
    i.HAL_TIM_TriggerCallback                0x08001534   Section        0  stm32f1xx_hal_tim.o(i.HAL_TIM_TriggerCallback)
    i.HAL_UART_ErrorCallback                 0x08001536   Section        0  stm32f1xx_hal_uart.o(i.HAL_UART_ErrorCallback)
    i.HAL_UART_IRQHandler                    0x08001538   Section        0  stm32f1xx_hal_uart.o(i.HAL_UART_IRQHandler)
    i.HAL_UART_Init                          0x08001648   Section        0  stm32f1xx_hal_uart.o(i.HAL_UART_Init)
    i.HAL_UART_MspInit                       0x080016ac   Section        0  stm32f1xx_hal_msp.o(i.HAL_UART_MspInit)
    i.HAL_UART_Receive                       0x08001750   Section        0  stm32f1xx_hal_uart.o(i.HAL_UART_Receive)
    i.HAL_UART_RxCpltCallback                0x08001808   Section        0  stm32f1xx_hal_uart.o(i.HAL_UART_RxCpltCallback)
    i.HAL_UART_Transmit                      0x0800180a   Section        0  stm32f1xx_hal_uart.o(i.HAL_UART_Transmit)
    i.HAL_UART_TxCpltCallback                0x080018c4   Section        0  stm32f1xx_hal_uart.o(i.HAL_UART_TxCpltCallback)
    i.HardFault_Handler                      0x080018c6   Section        0  stm32f1xx_it.o(i.HardFault_Handler)
    i.MX_GPIO_Init                           0x080018c8   Section        0  main.o(i.MX_GPIO_Init)
    MX_GPIO_Init                             0x080018c9   Thumb Code   184  main.o(i.MX_GPIO_Init)
    i.MX_TIM3_Init                           0x08001990   Section        0  main.o(i.MX_TIM3_Init)
    MX_TIM3_Init                             0x08001991   Thumb Code    80  main.o(i.MX_TIM3_Init)
    i.MainMoveFunc                           0x080019e8   Section        0  main.o(i.MainMoveFunc)
    i.MemManage_Handler                      0x08001d1c   Section        0  stm32f1xx_it.o(i.MemManage_Handler)
    i.NMI_Handler                            0x08001d1e   Section        0  stm32f1xx_it.o(i.NMI_Handler)
    i.NVIC_SetPriority                       0x08001d20   Section        0  stm32f1xx_hal_cortex.o(i.NVIC_SetPriority)
    NVIC_SetPriority                         0x08001d21   Thumb Code    32  stm32f1xx_hal_cortex.o(i.NVIC_SetPriority)
    i.ReadDist                               0x08001d40   Section        0  main.o(i.ReadDist)
    i.StartDefaultTask                       0x08001e48   Section        0  main.o(i.StartDefaultTask)
    i.SysTick_Handler                        0x08001e50   Section        0  stm32f1xx_it.o(i.SysTick_Handler)
    i.SystemClock_Config                     0x08001e54   Section        0  main.o(i.SystemClock_Config)
    i.SystemInit                             0x08001eb0   Section        0  system_stm32f1xx.o(i.SystemInit)
    i.TIM1_UP_IRQHandler                     0x08001ef8   Section        0  stm32f1xx_it.o(i.TIM1_UP_IRQHandler)
    i.TIM3_IRQHandler                        0x08001f04   Section        0  stm32f1xx_it.o(i.TIM3_IRQHandler)
    i.TIM_Base_SetConfig                     0x08001f30   Section        0  stm32f1xx_hal_tim.o(i.TIM_Base_SetConfig)
    i.TIM_ETR_SetConfig                      0x08001f9c   Section        0  stm32f1xx_hal_tim.o(i.TIM_ETR_SetConfig)
    TIM_ETR_SetConfig                        0x08001f9d   Thumb Code    20  stm32f1xx_hal_tim.o(i.TIM_ETR_SetConfig)
    i.TIM_ITRx_SetConfig                     0x08001fb0   Section        0  stm32f1xx_hal_tim.o(i.TIM_ITRx_SetConfig)
    TIM_ITRx_SetConfig                       0x08001fb1   Thumb Code    16  stm32f1xx_hal_tim.o(i.TIM_ITRx_SetConfig)
    i.TIM_TI1_ConfigInputStage               0x08001fc0   Section        0  stm32f1xx_hal_tim.o(i.TIM_TI1_ConfigInputStage)
    TIM_TI1_ConfigInputStage                 0x08001fc1   Thumb Code    34  stm32f1xx_hal_tim.o(i.TIM_TI1_ConfigInputStage)
    i.TIM_TI2_ConfigInputStage               0x08001fe2   Section        0  stm32f1xx_hal_tim.o(i.TIM_TI2_ConfigInputStage)
    TIM_TI2_ConfigInputStage                 0x08001fe3   Thumb Code    36  stm32f1xx_hal_tim.o(i.TIM_TI2_ConfigInputStage)
    i.UART_DMAAbortOnError                   0x08002006   Section        0  stm32f1xx_hal_uart.o(i.UART_DMAAbortOnError)
    UART_DMAAbortOnError                     0x08002007   Thumb Code    16  stm32f1xx_hal_uart.o(i.UART_DMAAbortOnError)
    i.UART_EndRxTransfer                     0x08002016   Section        0  stm32f1xx_hal_uart.o(i.UART_EndRxTransfer)
    UART_EndRxTransfer                       0x08002017   Thumb Code    28  stm32f1xx_hal_uart.o(i.UART_EndRxTransfer)
    i.UART_Receive_IT                        0x08002032   Section        0  stm32f1xx_hal_uart.o(i.UART_Receive_IT)
    UART_Receive_IT                          0x08002033   Thumb Code   150  stm32f1xx_hal_uart.o(i.UART_Receive_IT)
    i.UART_SetConfig                         0x080020c8   Section        0  stm32f1xx_hal_uart.o(i.UART_SetConfig)
    UART_SetConfig                           0x080020c9   Thumb Code   364  stm32f1xx_hal_uart.o(i.UART_SetConfig)
    i.UART_Transmit_IT                       0x08002238   Section        0  stm32f1xx_hal_uart.o(i.UART_Transmit_IT)
    UART_Transmit_IT                         0x08002239   Thumb Code    98  stm32f1xx_hal_uart.o(i.UART_Transmit_IT)
    i.UART_WaitOnFlagUntilTimeout            0x0800229a   Section        0  stm32f1xx_hal_uart.o(i.UART_WaitOnFlagUntilTimeout)
    UART_WaitOnFlagUntilTimeout              0x0800229b   Thumb Code   100  stm32f1xx_hal_uart.o(i.UART_WaitOnFlagUntilTimeout)
    i.USART2_IRQHandler                      0x08002300   Section        0  stm32f1xx_it.o(i.USART2_IRQHandler)
    i.UsageFault_Handler                     0x0800239c   Section        0  stm32f1xx_it.o(i.UsageFault_Handler)
    i.__scatterload_copy                     0x0800239e   Section       14  handlers.o(i.__scatterload_copy)
    i.__scatterload_null                     0x080023ac   Section        2  handlers.o(i.__scatterload_null)
    i.__scatterload_zeroinit                 0x080023ae   Section       14  handlers.o(i.__scatterload_zeroinit)
    i.addReading                             0x080023bc   Section        0  main.o(i.addReading)
    i.clear                                  0x080023d4   Section        0  main.o(i.clear)
    i.clearmax                               0x080023e0   Section        0  main.o(i.clearmax)
    i.diff_angle                             0x080023ec   Section        0  main.o(i.diff_angle)
    i.getReading                             0x08002402   Section        0  main.o(i.getReading)
    i.goForward                              0x08002428   Section        0  main.o(i.goForward)
    i.left                                   0x08002504   Section        0  main.o(i.left)
    i.main                                   0x08002544   Section        0  main.o(i.main)
    i.makeFreeRtosPriority                   0x08002624   Section        0  cmsis_os.o(i.makeFreeRtosPriority)
    makeFreeRtosPriority                     0x08002625   Thumb Code    12  cmsis_os.o(i.makeFreeRtosPriority)
    i.osDelay                                0x08002630   Section        0  cmsis_os.o(i.osDelay)
    i.osKernelStart                          0x0800263e   Section        0  cmsis_os.o(i.osKernelStart)
    i.osSystickHandler                       0x08002648   Section        0  cmsis_os.o(i.osSystickHandler)
    i.osThreadCreate                         0x0800265c   Section        0  cmsis_os.o(i.osThreadCreate)
    i.prvAddCurrentTaskToDelayedList         0x0800268c   Section        0  tasks.o(i.prvAddCurrentTaskToDelayedList)
    prvAddCurrentTaskToDelayedList           0x0800268d   Thumb Code   102  tasks.o(i.prvAddCurrentTaskToDelayedList)
    i.prvAddNewTaskToReadyList               0x080026fc   Section        0  tasks.o(i.prvAddNewTaskToReadyList)
    prvAddNewTaskToReadyList                 0x080026fd   Thumb Code   194  tasks.o(i.prvAddNewTaskToReadyList)
    i.prvCheckTasksWaitingTermination        0x080027cc   Section        0  tasks.o(i.prvCheckTasksWaitingTermination)
    prvCheckTasksWaitingTermination          0x080027cd   Thumb Code    70  tasks.o(i.prvCheckTasksWaitingTermination)
    i.prvDeleteTCB                           0x0800281c   Section        0  tasks.o(i.prvDeleteTCB)
    prvDeleteTCB                             0x0800281d   Thumb Code    20  tasks.o(i.prvDeleteTCB)
    i.prvHeapInit                            0x08002830   Section        0  heap_4.o(i.prvHeapInit)
    prvHeapInit                              0x08002831   Thumb Code    66  heap_4.o(i.prvHeapInit)
    i.prvIdleTask                            0x0800287c   Section        0  tasks.o(i.prvIdleTask)
    prvIdleTask                              0x0800287d   Thumb Code    30  tasks.o(i.prvIdleTask)
    i.prvInitialiseNewTask                   0x080028a4   Section        0  tasks.o(i.prvInitialiseNewTask)
    prvInitialiseNewTask                     0x080028a5   Thumb Code   142  tasks.o(i.prvInitialiseNewTask)
    i.prvInsertBlockIntoFreeList             0x08002934   Section        0  heap_4.o(i.prvInsertBlockIntoFreeList)
    prvInsertBlockIntoFreeList               0x08002935   Thumb Code    72  heap_4.o(i.prvInsertBlockIntoFreeList)
    i.prvResetNextTaskUnblockTime            0x08002980   Section        0  tasks.o(i.prvResetNextTaskUnblockTime)
    prvResetNextTaskUnblockTime              0x08002981   Thumb Code    26  tasks.o(i.prvResetNextTaskUnblockTime)
    i.prvTaskExitError                       0x080029a0   Section        0  port.o(i.prvTaskExitError)
    prvTaskExitError                         0x080029a1   Thumb Code    36  port.o(i.prvTaskExitError)
    i.pvPortMalloc                           0x080029c8   Section        0  heap_4.o(i.pvPortMalloc)
    i.pxPortInitialiseStack                  0x08002aa0   Section        0  port.o(i.pxPortInitialiseStack)
    i.right                                  0x08002ac4   Section        0  main.o(i.right)
    i.stop                                   0x08002b04   Section        0  main.o(i.stop)
    i.uxListRemove                           0x08002b24   Section        0  list.o(i.uxListRemove)
    i.vListInitialise                        0x08002b48   Section        0  list.o(i.vListInitialise)
    i.vListInitialiseItem                    0x08002b5e   Section        0  list.o(i.vListInitialiseItem)
    i.vListInsert                            0x08002b64   Section        0  list.o(i.vListInsert)
    i.vListInsertEnd                         0x08002b94   Section        0  list.o(i.vListInsertEnd)
    i.vPortEnterCritical                     0x08002bac   Section        0  port.o(i.vPortEnterCritical)
    i.vPortExitCritical                      0x08002bec   Section        0  port.o(i.vPortExitCritical)
    i.vPortFree                              0x08002c14   Section        0  heap_4.o(i.vPortFree)
    i.vPortSetupTimerInterrupt               0x08002c70   Section        0  port.o(i.vPortSetupTimerInterrupt)
    i.vTaskDelay                             0x08002c90   Section        0  tasks.o(i.vTaskDelay)
    i.vTaskStartScheduler                    0x08002cdc   Section        0  tasks.o(i.vTaskStartScheduler)
    i.vTaskSuspendAll                        0x08002d44   Section        0  tasks.o(i.vTaskSuspendAll)
    i.vTaskSwitchContext                     0x08002d54   Section        0  tasks.o(i.vTaskSwitchContext)
    i.xPortStartScheduler                    0x08002db0   Section        0  port.o(i.xPortStartScheduler)
    i.xPortSysTickHandler                    0x08002e24   Section        0  port.o(i.xPortSysTickHandler)
    i.xTaskCreate                            0x08002e50   Section        0  tasks.o(i.xTaskCreate)
    i.xTaskGetSchedulerState                 0x08002ea8   Section        0  tasks.o(i.xTaskGetSchedulerState)
    i.xTaskIncrementTick                     0x08002ec4   Section        0  tasks.o(i.xTaskIncrementTick)
    i.xTaskResumeAll                         0x08002f8c   Section        0  tasks.o(i.xTaskResumeAll)
    .constdata                               0x08003050   Section       60  main.o(.constdata)
    .constdata                               0x0800308c   Section       16  system_stm32f1xx.o(.constdata)
    .constdata                               0x0800309c   Section        8  system_stm32f1xx.o(.constdata)
    .conststring                             0x080030a4   Section       40  main.o(.conststring)
    .data                                    0x20000000   Section       96  main.o(.data)
    .data                                    0x20000060   Section       28  stm32f1xx_it.o(.data)
    .data                                    0x2000007c   Section       12  stm32f1xx_hal.o(.data)
    .data                                    0x20000088   Section        4  system_stm32f1xx.o(.data)
    .data                                    0x2000008c   Section       24  heap_4.o(.data)
    pxEnd                                    0x2000008c   Data           4  heap_4.o(.data)
    xFreeBytesRemaining                      0x20000090   Data           4  heap_4.o(.data)
    xMinimumEverFreeBytesRemaining           0x20000094   Data           4  heap_4.o(.data)
    xBlockAllocatedBit                       0x20000098   Data           4  heap_4.o(.data)
    xStart                                   0x2000009c   Data           8  heap_4.o(.data)
    .data                                    0x200000a4   Section       12  port.o(.data)
    ucMaxSysCallPriority                     0x200000a4   Data           1  port.o(.data)
    uxCriticalNesting                        0x200000a8   Data           4  port.o(.data)
    ulMaxPRIGROUPValue                       0x200000ac   Data           4  port.o(.data)
    .data                                    0x200000b0   Section       60  tasks.o(.data)
    uxDeletedTasksWaitingCleanUp             0x200000b4   Data           4  tasks.o(.data)
    uxCurrentNumberOfTasks                   0x200000b8   Data           4  tasks.o(.data)
    xTickCount                               0x200000bc   Data           4  tasks.o(.data)
    uxTopReadyPriority                       0x200000c0   Data           4  tasks.o(.data)
    xSchedulerRunning                        0x200000c4   Data           4  tasks.o(.data)
    uxPendedTicks                            0x200000c8   Data           4  tasks.o(.data)
    xYieldPending                            0x200000cc   Data           4  tasks.o(.data)
    xNumOfOverflows                          0x200000d0   Data           4  tasks.o(.data)
    uxTaskNumber                             0x200000d4   Data           4  tasks.o(.data)
    xNextTaskUnblockTime                     0x200000d8   Data           4  tasks.o(.data)
    xIdleTaskHandle                          0x200000dc   Data           4  tasks.o(.data)
    uxSchedulerSuspended                     0x200000e0   Data           4  tasks.o(.data)
    pxDelayedTaskList                        0x200000e4   Data           4  tasks.o(.data)
    pxOverflowDelayedTaskList                0x200000e8   Data           4  tasks.o(.data)
    .bss                                     0x200000ec   Section      240  main.o(.bss)
    .bss                                     0x200001dc   Section       64  stm32f1xx_hal_timebase_tim.o(.bss)
    .bss                                     0x2000021c   Section     3072  heap_4.o(.bss)
    ucHeap                                   0x2000021c   Data        3072  heap_4.o(.bss)
    .bss                                     0x20000e1c   Section      240  tasks.o(.bss)
    pxReadyTasksLists                        0x20000e1c   Data         140  tasks.o(.bss)
    xDelayedTaskList1                        0x20000ea8   Data          20  tasks.o(.bss)
    xDelayedTaskList2                        0x20000ebc   Data          20  tasks.o(.bss)
    xPendingReadyList                        0x20000ed0   Data          20  tasks.o(.bss)
    xTasksWaitingTermination                 0x20000ee4   Data          20  tasks.o(.bss)
    xSuspendedTaskList                       0x20000ef8   Data          20  tasks.o(.bss)
    STACK                                    0x20000f10   Section     1024  startup_stm32f103xb.o(STACK)

    Global Symbols

    Symbol Name                              Value     Ov Type        Size  Object(Section)

    BuildAttributes$$THM_ISAv4$P$D$K$B$S$PE$A:L22UL41UL21$X:L11$S22US41US21$IEEE1$IW$USESV6$~STKCKD$USESV7$~SHL$OTIME$ROPI$EBA8$MICROLIB$REQ8$PRES8$EABIv2 0x00000000   Number         0  anon$$obj.o ABSOLUTE
    __ARM_use_no_argv                        0x00000000   Number         0  main.o ABSOLUTE
    __cpp_initialize__aeabi_                  - Undefined Weak Reference
    __cxa_finalize                            - Undefined Weak Reference
    __decompress                              - Undefined Weak Reference
    _clock_init                               - Undefined Weak Reference
    _microlib_exit                            - Undefined Weak Reference
    __Vectors_Size                           0x000000ec   Number         0  startup_stm32f103xb.o ABSOLUTE
    __Vectors                                0x08000000   Data           4  startup_stm32f103xb.o(RESET)
    __Vectors_End                            0x080000ec   Data           0  startup_stm32f103xb.o(RESET)
    __main                                   0x080000ed   Thumb Code     0  entry.o(.ARM.Collect$$$$00000000)
    _main_stk                                0x080000ed   Thumb Code     0  entry2.o(.ARM.Collect$$$$00000001)
    _main_scatterload                        0x080000f1   Thumb Code     0  entry5.o(.ARM.Collect$$$$00000004)
    __main_after_scatterload                 0x080000f5   Thumb Code     0  entry5.o(.ARM.Collect$$$$00000004)
    _main_clock                              0x080000f5   Thumb Code     0  entry7b.o(.ARM.Collect$$$$00000008)
    _main_cpp_init                           0x080000f5   Thumb Code     0  entry8b.o(.ARM.Collect$$$$0000000A)
    _main_init                               0x080000f5   Thumb Code     0  entry9a.o(.ARM.Collect$$$$0000000B)
    __rt_final_cpp                           0x080000fd   Thumb Code     0  entry10a.o(.ARM.Collect$$$$0000000D)
    __rt_final_exit                          0x080000fd   Thumb Code     0  entry11a.o(.ARM.Collect$$$$0000000F)
    SVC_Handler                              0x08000101   Thumb Code    32  port.o(.emb_text)
    __asm___6_port_c_39a90d8d__prvStartFirstTask 0x08000125   Thumb Code    28  port.o(.emb_text)
    PendSV_Handler                           0x08000145   Thumb Code    72  port.o(.emb_text)
    vPortGetIPSR                             0x08000191   Thumb Code     6  port.o(.emb_text)
    Reset_Handler                            0x08000199   Thumb Code     8  startup_stm32f103xb.o(.text)
    ADC1_2_IRQHandler                        0x080001b3   Thumb Code     0  startup_stm32f103xb.o(.text)
    CAN1_RX1_IRQHandler                      0x080001b3   Thumb Code     0  startup_stm32f103xb.o(.text)
    CAN1_SCE_IRQHandler                      0x080001b3   Thumb Code     0  startup_stm32f103xb.o(.text)
    DMA1_Channel1_IRQHandler                 0x080001b3   Thumb Code     0  startup_stm32f103xb.o(.text)
    DMA1_Channel2_IRQHandler                 0x080001b3   Thumb Code     0  startup_stm32f103xb.o(.text)
    DMA1_Channel3_IRQHandler                 0x080001b3   Thumb Code     0  startup_stm32f103xb.o(.text)
    DMA1_Channel4_IRQHandler                 0x080001b3   Thumb Code     0  startup_stm32f103xb.o(.text)
    DMA1_Channel5_IRQHandler                 0x080001b3   Thumb Code     0  startup_stm32f103xb.o(.text)
    DMA1_Channel6_IRQHandler                 0x080001b3   Thumb Code     0  startup_stm32f103xb.o(.text)
    DMA1_Channel7_IRQHandler                 0x080001b3   Thumb Code     0  startup_stm32f103xb.o(.text)
    EXTI0_IRQHandler                         0x080001b3   Thumb Code     0  startup_stm32f103xb.o(.text)
    EXTI2_IRQHandler                         0x080001b3   Thumb Code     0  startup_stm32f103xb.o(.text)
    EXTI3_IRQHandler                         0x080001b3   Thumb Code     0  startup_stm32f103xb.o(.text)
    EXTI4_IRQHandler                         0x080001b3   Thumb Code     0  startup_stm32f103xb.o(.text)
    FLASH_IRQHandler                         0x080001b3   Thumb Code     0  startup_stm32f103xb.o(.text)
    I2C1_ER_IRQHandler                       0x080001b3   Thumb Code     0  startup_stm32f103xb.o(.text)
    I2C1_EV_IRQHandler                       0x080001b3   Thumb Code     0  startup_stm32f103xb.o(.text)
    I2C2_ER_IRQHandler                       0x080001b3   Thumb Code     0  startup_stm32f103xb.o(.text)
    I2C2_EV_IRQHandler                       0x080001b3   Thumb Code     0  startup_stm32f103xb.o(.text)
    PVD_IRQHandler                           0x080001b3   Thumb Code     0  startup_stm32f103xb.o(.text)
    RCC_IRQHandler                           0x080001b3   Thumb Code     0  startup_stm32f103xb.o(.text)
    RTC_Alarm_IRQHandler                     0x080001b3   Thumb Code     0  startup_stm32f103xb.o(.text)
    RTC_IRQHandler                           0x080001b3   Thumb Code     0  startup_stm32f103xb.o(.text)
    SPI1_IRQHandler                          0x080001b3   Thumb Code     0  startup_stm32f103xb.o(.text)
    SPI2_IRQHandler                          0x080001b3   Thumb Code     0  startup_stm32f103xb.o(.text)
    TAMPER_IRQHandler                        0x080001b3   Thumb Code     0  startup_stm32f103xb.o(.text)
    TIM1_BRK_IRQHandler                      0x080001b3   Thumb Code     0  startup_stm32f103xb.o(.text)
    TIM1_CC_IRQHandler                       0x080001b3   Thumb Code     0  startup_stm32f103xb.o(.text)
    TIM1_TRG_COM_IRQHandler                  0x080001b3   Thumb Code     0  startup_stm32f103xb.o(.text)
    TIM2_IRQHandler                          0x080001b3   Thumb Code     0  startup_stm32f103xb.o(.text)
    TIM4_IRQHandler                          0x080001b3   Thumb Code     0  startup_stm32f103xb.o(.text)
    USART1_IRQHandler                        0x080001b3   Thumb Code     0  startup_stm32f103xb.o(.text)
    USART3_IRQHandler                        0x080001b3   Thumb Code     0  startup_stm32f103xb.o(.text)
    USBWakeUp_IRQHandler                     0x080001b3   Thumb Code     0  startup_stm32f103xb.o(.text)
    USB_HP_CAN1_TX_IRQHandler                0x080001b3   Thumb Code     0  startup_stm32f103xb.o(.text)
    USB_LP_CAN1_RX0_IRQHandler               0x080001b3   Thumb Code     0  startup_stm32f103xb.o(.text)
    WWDG_IRQHandler                          0x080001b3   Thumb Code     0  startup_stm32f103xb.o(.text)
    __aeabi_llsr                             0x080001bd   Thumb Code    32  llushr.o(.text)
    _ll_ushift_r                             0x080001bd   Thumb Code     0  llushr.o(.text)
    __aeabi_memcpy                           0x080001dd   Thumb Code    36  memcpya.o(.text)
    __aeabi_memcpy4                          0x080001dd   Thumb Code     0  memcpya.o(.text)
    __aeabi_memcpy8                          0x080001dd   Thumb Code     0  memcpya.o(.text)
    __aeabi_fadd                             0x08000201   Thumb Code   164  fadd.o(.text)
    __aeabi_fsub                             0x080002a5   Thumb Code     6  fadd.o(.text)
    __aeabi_frsub                            0x080002ab   Thumb Code     6  fadd.o(.text)
    __aeabi_fmul                             0x080002b1   Thumb Code   100  fmul.o(.text)
    __aeabi_fdiv                             0x08000315   Thumb Code   124  fdiv.o(.text)
    __aeabi_dmul                             0x08000391   Thumb Code   228  dmul.o(.text)
    __aeabi_i2f                              0x08000475   Thumb Code    18  fflti.o(.text)
    __aeabi_i2d                              0x08000487   Thumb Code    34  dflti.o(.text)
    __aeabi_f2iz                             0x080004a9   Thumb Code    50  ffixi.o(.text)
    __aeabi_d2uiz                            0x080004db   Thumb Code    50  dfixui.o(.text)
    __I$use$fp                               0x0800050d   Thumb Code     0  iusefp.o(.text)
    _float_round                             0x0800050d   Thumb Code    18  fepilogue.o(.text)
    _float_epilogue                          0x0800051f   Thumb Code    92  fepilogue.o(.text)
    _double_round                            0x0800057b   Thumb Code    30  depilogue.o(.text)
    _double_epilogue                         0x08000599   Thumb Code   156  depilogue.o(.text)
    __scatterload                            0x08000635   Thumb Code    28  init.o(.text)
    __scatterload_rt2                        0x08000635   Thumb Code     0  init.o(.text)
    __aeabi_llsl                             0x08000659   Thumb Code    30  llshl.o(.text)
    _ll_shift_l                              0x08000659   Thumb Code     0  llshl.o(.text)
    BusFault_Handler                         0x08000677   Thumb Code     2  stm32f1xx_it.o(i.BusFault_Handler)
    DWT_Delay                                0x08000679   Thumb Code    28  dwt_delay.o(i.DWT_Delay)
    DWT_Init                                 0x080006a1   Thumb Code    32  dwt_delay.o(i.DWT_Init)
    DebugMon_Handler                         0x080006c9   Thumb Code     2  stm32f1xx_it.o(i.DebugMon_Handler)
    EXTI15_10_IRQHandler                     0x080006cd   Thumb Code    68  stm32f1xx_it.o(i.EXTI15_10_IRQHandler)
    EXTI1_IRQHandler                         0x0800072d   Thumb Code    64  stm32f1xx_it.o(i.EXTI1_IRQHandler)
    EXTI9_5_IRQHandler                       0x08000789   Thumb Code    68  stm32f1xx_it.o(i.EXTI9_5_IRQHandler)
    HAL_DMA_Abort_IT                         0x080007e9   Thumb Code   148  stm32f1xx_hal_dma.o(i.HAL_DMA_Abort_IT)
    HAL_Delay                                0x08000881   Thumb Code    32  stm32f1xx_hal.o(i.HAL_Delay)
    HAL_GPIO_EXTI_Callback                   0x080008a5   Thumb Code     2  stm32f1xx_hal_gpio.o(i.HAL_GPIO_EXTI_Callback)
    HAL_GPIO_EXTI_IRQHandler                 0x080008a9   Thumb Code    18  stm32f1xx_hal_gpio.o(i.HAL_GPIO_EXTI_IRQHandler)
    HAL_GPIO_Init                            0x080008c1   Thumb Code   408  stm32f1xx_hal_gpio.o(i.HAL_GPIO_Init)
    HAL_GPIO_ReadPin                         0x08000a7d   Thumb Code    10  stm32f1xx_hal_gpio.o(i.HAL_GPIO_ReadPin)
    HAL_GPIO_WritePin                        0x08000a87   Thumb Code    10  stm32f1xx_hal_gpio.o(i.HAL_GPIO_WritePin)
    HAL_GetTick                              0x08000a91   Thumb Code     6  stm32f1xx_hal.o(i.HAL_GetTick)
    HAL_IncTick                              0x08000a9d   Thumb Code    12  stm32f1xx_hal.o(i.HAL_IncTick)
    HAL_Init                                 0x08000aad   Thumb Code    32  stm32f1xx_hal.o(i.HAL_Init)
    HAL_InitTick                             0x08000ad1   Thumb Code    98  stm32f1xx_hal_timebase_tim.o(i.HAL_InitTick)
    HAL_MspInit                              0x08000b45   Thumb Code   134  stm32f1xx_hal_msp.o(i.HAL_MspInit)
    HAL_NVIC_EnableIRQ                       0x08000bd5   Thumb Code    22  stm32f1xx_hal_cortex.o(i.HAL_NVIC_EnableIRQ)
    HAL_NVIC_SetPriority                     0x08000bed   Thumb Code    60  stm32f1xx_hal_cortex.o(i.HAL_NVIC_SetPriority)
    HAL_NVIC_SetPriorityGrouping             0x08000c2d   Thumb Code    26  stm32f1xx_hal_cortex.o(i.HAL_NVIC_SetPriorityGrouping)
    HAL_RCC_ClockConfig                      0x08000c51   Thumb Code   322  stm32f1xx_hal_rcc.o(i.HAL_RCC_ClockConfig)
    HAL_RCC_GetClockConfig                   0x08000da5   Thumb Code    54  stm32f1xx_hal_rcc.o(i.HAL_RCC_GetClockConfig)
    HAL_RCC_GetHCLKFreq                      0x08000de5   Thumb Code     6  stm32f1xx_hal_rcc.o(i.HAL_RCC_GetHCLKFreq)
    HAL_RCC_GetPCLK1Freq                     0x08000df1   Thumb Code    20  stm32f1xx_hal_rcc.o(i.HAL_RCC_GetPCLK1Freq)
    HAL_RCC_GetPCLK2Freq                     0x08000e11   Thumb Code    20  stm32f1xx_hal_rcc.o(i.HAL_RCC_GetPCLK2Freq)
    HAL_RCC_GetSysClockFreq                  0x08000e31   Thumb Code    74  stm32f1xx_hal_rcc.o(i.HAL_RCC_GetSysClockFreq)
    HAL_RCC_OscConfig                        0x08000e9d   Thumb Code   750  stm32f1xx_hal_rcc.o(i.HAL_RCC_OscConfig)
    HAL_SYSTICK_CLKSourceConfig              0x080011a1   Thumb Code    24  stm32f1xx_hal_cortex.o(i.HAL_SYSTICK_CLKSourceConfig)
    HAL_SYSTICK_Config                       0x080011b9   Thumb Code    40  stm32f1xx_hal_cortex.o(i.HAL_SYSTICK_Config)
    HAL_TIMEx_BreakCallback                  0x080011e1   Thumb Code     2  stm32f1xx_hal_tim_ex.o(i.HAL_TIMEx_BreakCallback)
    HAL_TIMEx_CommutationCallback            0x080011e3   Thumb Code     2  stm32f1xx_hal_tim_ex.o(i.HAL_TIMEx_CommutationCallback)
    HAL_TIMEx_MasterConfigSynchronization    0x080011e5   Thumb Code    80  stm32f1xx_hal_tim_ex.o(i.HAL_TIMEx_MasterConfigSynchronization)
    HAL_TIM_Base_Init                        0x08001235   Thumb Code    54  stm32f1xx_hal_tim.o(i.HAL_TIM_Base_Init)
    HAL_TIM_Base_MspInit                     0x0800126d   Thumb Code    50  stm32f1xx_hal_msp.o(i.HAL_TIM_Base_MspInit)
    HAL_TIM_Base_Start_IT                    0x080012a9   Thumb Code    24  stm32f1xx_hal_tim.o(i.HAL_TIM_Base_Start_IT)
    HAL_TIM_ConfigClockSource                0x080012c1   Thumb Code   242  stm32f1xx_hal_tim.o(i.HAL_TIM_ConfigClockSource)
    HAL_TIM_IC_CaptureCallback               0x080013b3   Thumb Code     2  stm32f1xx_hal_tim.o(i.HAL_TIM_IC_CaptureCallback)
    HAL_TIM_IRQHandler                       0x080013b5   Thumb Code   358  stm32f1xx_hal_tim.o(i.HAL_TIM_IRQHandler)
    HAL_TIM_OC_DelayElapsedCallback          0x0800151b   Thumb Code     2  stm32f1xx_hal_tim.o(i.HAL_TIM_OC_DelayElapsedCallback)
    HAL_TIM_PWM_PulseFinishedCallback        0x0800151d   Thumb Code     2  stm32f1xx_hal_tim.o(i.HAL_TIM_PWM_PulseFinishedCallback)
    HAL_TIM_PeriodElapsedCallback            0x08001521   Thumb Code    14  main.o(i.HAL_TIM_PeriodElapsedCallback)
    HAL_TIM_TriggerCallback                  0x08001535   Thumb Code     2  stm32f1xx_hal_tim.o(i.HAL_TIM_TriggerCallback)
    HAL_UART_ErrorCallback                   0x08001537   Thumb Code     2  stm32f1xx_hal_uart.o(i.HAL_UART_ErrorCallback)
    HAL_UART_IRQHandler                      0x08001539   Thumb Code   266  stm32f1xx_hal_uart.o(i.HAL_UART_IRQHandler)
    HAL_UART_Init                            0x08001649   Thumb Code    98  stm32f1xx_hal_uart.o(i.HAL_UART_Init)
    HAL_UART_MspInit                         0x080016ad   Thumb Code   146  stm32f1xx_hal_msp.o(i.HAL_UART_MspInit)
    HAL_UART_Receive                         0x08001751   Thumb Code   184  stm32f1xx_hal_uart.o(i.HAL_UART_Receive)
    HAL_UART_RxCpltCallback                  0x08001809   Thumb Code     2  stm32f1xx_hal_uart.o(i.HAL_UART_RxCpltCallback)
    HAL_UART_Transmit                        0x0800180b   Thumb Code   186  stm32f1xx_hal_uart.o(i.HAL_UART_Transmit)
    HAL_UART_TxCpltCallback                  0x080018c5   Thumb Code     2  stm32f1xx_hal_uart.o(i.HAL_UART_TxCpltCallback)
    HardFault_Handler                        0x080018c7   Thumb Code     2  stm32f1xx_it.o(i.HardFault_Handler)
    MainMoveFunc                             0x080019e9   Thumb Code   812  main.o(i.MainMoveFunc)
    MemManage_Handler                        0x08001d1d   Thumb Code     2  stm32f1xx_it.o(i.MemManage_Handler)
    NMI_Handler                              0x08001d1f   Thumb Code     2  stm32f1xx_it.o(i.NMI_Handler)
    ReadDist                                 0x08001d41   Thumb Code   242  main.o(i.ReadDist)
    StartDefaultTask                         0x08001e49   Thumb Code     8  main.o(i.StartDefaultTask)
    SysTick_Handler                          0x08001e51   Thumb Code     4  stm32f1xx_it.o(i.SysTick_Handler)
    SystemClock_Config                       0x08001e55   Thumb Code    90  main.o(i.SystemClock_Config)
    SystemInit                               0x08001eb1   Thumb Code    56  system_stm32f1xx.o(i.SystemInit)
    TIM1_UP_IRQHandler                       0x08001ef9   Thumb Code     6  stm32f1xx_it.o(i.TIM1_UP_IRQHandler)
    TIM3_IRQHandler                          0x08001f05   Thumb Code    30  stm32f1xx_it.o(i.TIM3_IRQHandler)
    TIM_Base_SetConfig                       0x08001f31   Thumb Code    94  stm32f1xx_hal_tim.o(i.TIM_Base_SetConfig)
    USART2_IRQHandler                        0x08002301   Thumb Code   122  stm32f1xx_it.o(i.USART2_IRQHandler)
    UsageFault_Handler                       0x0800239d   Thumb Code     2  stm32f1xx_it.o(i.UsageFault_Handler)
    __scatterload_copy                       0x0800239f   Thumb Code    14  handlers.o(i.__scatterload_copy)
    __scatterload_null                       0x080023ad   Thumb Code     2  handlers.o(i.__scatterload_null)
    __scatterload_zeroinit                   0x080023af   Thumb Code    14  handlers.o(i.__scatterload_zeroinit)
    addReading                               0x080023bd   Thumb Code    24  main.o(i.addReading)
    clear                                    0x080023d5   Thumb Code    12  main.o(i.clear)
    clearmax                                 0x080023e1   Thumb Code    12  main.o(i.clearmax)
    diff_angle                               0x080023ed   Thumb Code    22  main.o(i.diff_angle)
    getReading                               0x08002403   Thumb Code    36  main.o(i.getReading)
    goForward                                0x08002429   Thumb Code   202  main.o(i.goForward)
    left                                     0x08002505   Thumb Code    50  main.o(i.left)
    main                                     0x08002545   Thumb Code   204  main.o(i.main)
    osDelay                                  0x08002631   Thumb Code    14  cmsis_os.o(i.osDelay)
    osKernelStart                            0x0800263f   Thumb Code    10  cmsis_os.o(i.osKernelStart)
    osSystickHandler                         0x08002649   Thumb Code    20  cmsis_os.o(i.osSystickHandler)
    osThreadCreate                           0x0800265d   Thumb Code    46  cmsis_os.o(i.osThreadCreate)
    pvPortMalloc                             0x080029c9   Thumb Code   210  heap_4.o(i.pvPortMalloc)
    pxPortInitialiseStack                    0x08002aa1   Thumb Code    32  port.o(i.pxPortInitialiseStack)
    right                                    0x08002ac5   Thumb Code    50  main.o(i.right)
    stop                                     0x08002b05   Thumb Code    24  main.o(i.stop)
    uxListRemove                             0x08002b25   Thumb Code    36  list.o(i.uxListRemove)
    vListInitialise                          0x08002b49   Thumb Code    22  list.o(i.vListInitialise)
    vListInitialiseItem                      0x08002b5f   Thumb Code     6  list.o(i.vListInitialiseItem)
    vListInsert                              0x08002b65   Thumb Code    48  list.o(i.vListInsert)
    vListInsertEnd                           0x08002b95   Thumb Code    24  list.o(i.vListInsertEnd)
    vPortEnterCritical                       0x08002bad   Thumb Code    54  port.o(i.vPortEnterCritical)
    vPortExitCritical                        0x08002bed   Thumb Code    34  port.o(i.vPortExitCritical)
    vPortFree                                0x08002c15   Thumb Code    88  heap_4.o(i.vPortFree)
    vPortSetupTimerInterrupt                 0x08002c71   Thumb Code    26  port.o(i.vPortSetupTimerInterrupt)
    vTaskDelay                               0x08002c91   Thumb Code    66  tasks.o(i.vTaskDelay)
    vTaskStartScheduler                      0x08002cdd   Thumb Code    86  tasks.o(i.vTaskStartScheduler)
    vTaskSuspendAll                          0x08002d45   Thumb Code    10  tasks.o(i.vTaskSuspendAll)
    vTaskSwitchContext                       0x08002d55   Thumb Code    82  tasks.o(i.vTaskSwitchContext)
    xPortStartScheduler                      0x08002db1   Thumb Code   102  port.o(i.xPortStartScheduler)
    xPortSysTickHandler                      0x08002e25   Thumb Code    38  port.o(i.xPortSysTickHandler)
    xTaskCreate                              0x08002e51   Thumb Code    86  tasks.o(i.xTaskCreate)
    xTaskGetSchedulerState                   0x08002ea9   Thumb Code    22  tasks.o(i.xTaskGetSchedulerState)
    xTaskIncrementTick                       0x08002ec5   Thumb Code   192  tasks.o(i.xTaskIncrementTick)
    xTaskResumeAll                           0x08002f8d   Thumb Code   182  tasks.o(i.xTaskResumeAll)
    AHBPrescTable                            0x0800308c   Data          16  system_stm32f1xx.o(.constdata)
    APBPrescTable                            0x0800309c   Data           8  system_stm32f1xx.o(.constdata)
    Region$$Table$$Base                      0x080030cc   Number         0  anon$$obj.o(Region$$Table)
    Region$$Table$$Limit                     0x080030ec   Number         0  anon$$obj.o(Region$$Table)
    readyAngle                               0x20000000   Data           1  main.o(.data)
    counterEN                                0x20000001   Data           1  main.o(.data)
    parentState                              0x20000002   Data           1  main.o(.data)
    childState                               0x20000003   Data           1  main.o(.data)
    readyf                                   0x20000004   Data           1  main.o(.data)
    readyr                                   0x20000005   Data           1  main.o(.data)
    readyl                                   0x20000006   Data           1  main.o(.data)
    dir                                      0x20000007   Data           1  main.o(.data)
    read                                     0x20000008   Data           4  main.o(.data)
    state                                    0x2000000c   Data           4  main.o(.data)
    defaultTaskHandle                        0x20000010   Data           4  main.o(.data)
    ReadDistForwardHandle                    0x20000014   Data           4  main.o(.data)
    MainMoveHandle                           0x20000018   Data           4  main.o(.data)
    distance                                 0x2000001c   Data           4  main.o(.data)
    angle                                    0x20000020   Data           4  main.o(.data)
    sensortimef                              0x20000024   Data           4  main.o(.data)
    sensortimer                              0x20000028   Data           4  main.o(.data)
    sensortimel                              0x2000002c   Data           4  main.o(.data)
    angle1                                   0x20000030   Data           4  main.o(.data)
    angle2                                   0x20000034   Data           4  main.o(.data)
    angle3                                   0x20000038   Data           4  main.o(.data)
    angle4                                   0x2000003c   Data           4  main.o(.data)
    targetangle                              0x20000040   Data           4  main.o(.data)
    readingf                                 0x20000044   Data           4  main.o(.data)
    readingr                                 0x20000048   Data           4  main.o(.data)
    readingl                                 0x2000004c   Data           4  main.o(.data)
    comingtoTURNfrom                         0x20000050   Data           4  main.o(.data)
    seconds                                  0x20000058   Data           8  main.o(.data)
    startr                                   0x20000060   Data           4  stm32f1xx_it.o(.data)
    endr                                     0x20000064   Data           4  stm32f1xx_it.o(.data)
    startl                                   0x20000068   Data           4  stm32f1xx_it.o(.data)
    endl                                     0x2000006c   Data           4  stm32f1xx_it.o(.data)
    startf                                   0x20000070   Data           4  stm32f1xx_it.o(.data)
    endf                                     0x20000074   Data           4  stm32f1xx_it.o(.data)
    BTRead                                   0x20000078   Data           4  stm32f1xx_it.o(.data)
    uwTickFreq                               0x2000007c   Data           1  stm32f1xx_hal.o(.data)
    uwTickPrio                               0x20000080   Data           4  stm32f1xx_hal.o(.data)
    uwTick                                   0x20000084   Data           4  stm32f1xx_hal.o(.data)
    SystemCoreClock                          0x20000088   Data           4  system_stm32f1xx.o(.data)
    pxCurrentTCB                             0x200000b0   Data           4  tasks.o(.data)
    htim3                                    0x200000ec   Data          64  main.o(.bss)
    huart1                                   0x2000012c   Data          64  main.o(.bss)
    huart2                                   0x2000016c   Data          64  main.o(.bss)
    readingsf                                0x200001ac   Data          16  main.o(.bss)
    readingsr                                0x200001bc   Data          16  main.o(.bss)
    readingsl                                0x200001cc   Data          16  main.o(.bss)
    htim1                                    0x200001dc   Data          64  stm32f1xx_hal_timebase_tim.o(.bss)
    __initial_sp                             0x20001310   Data           0  startup_stm32f103xb.o(STACK)



==============================================================================

Memory Map of the image

  Image Entry point : 0x080000ed

  Load Region LR_IROM1 (Base: 0x08000000, Size: 0x000031d8, Max: 0x00010000, ABSOLUTE)

    Execution Region ER_IROM1 (Exec base: 0x08000000, Load base: 0x08000000, Size: 0x000030ec, Max: 0x00010000, ABSOLUTE)

    Exec Addr    Load Addr    Size         Type   Attr      Idx    E Section Name        Object

    0x08000000   0x08000000   0x000000ec   Data   RO            3    RESET               startup_stm32f103xb.o
    0x080000ec   0x080000ec   0x00000000   Code   RO         3743  * .ARM.Collect$$$$00000000  mc_w.l(entry.o)
    0x080000ec   0x080000ec   0x00000004   Code   RO         3768    .ARM.Collect$$$$00000001  mc_w.l(entry2.o)
    0x080000f0   0x080000f0   0x00000004   Code   RO         3771    .ARM.Collect$$$$00000004  mc_w.l(entry5.o)
    0x080000f4   0x080000f4   0x00000000   Code   RO         3773    .ARM.Collect$$$$00000008  mc_w.l(entry7b.o)
    0x080000f4   0x080000f4   0x00000000   Code   RO         3775    .ARM.Collect$$$$0000000A  mc_w.l(entry8b.o)
    0x080000f4   0x080000f4   0x00000008   Code   RO         3776    .ARM.Collect$$$$0000000B  mc_w.l(entry9a.o)
    0x080000fc   0x080000fc   0x00000000   Code   RO         3778    .ARM.Collect$$$$0000000D  mc_w.l(entry10a.o)
    0x080000fc   0x080000fc   0x00000000   Code   RO         3780    .ARM.Collect$$$$0000000F  mc_w.l(entry11a.o)
    0x080000fc   0x080000fc   0x00000004   Code   RO         3769    .ARM.Collect$$$$00002712  mc_w.l(entry2.o)
    0x08000100   0x08000100   0x00000096   Code   RO         2738    .emb_text           port.o
    0x08000196   0x08000196   0x00000002   PAD
    0x08000198   0x08000198   0x00000024   Code   RO            4    .text               startup_stm32f103xb.o
    0x080001bc   0x080001bc   0x00000020   Code   RO         3746    .text               mc_w.l(llushr.o)
    0x080001dc   0x080001dc   0x00000024   Code   RO         3748    .text               mc_w.l(memcpya.o)
    0x08000200   0x08000200   0x000000b0   Code   RO         3752    .text               mf_w.l(fadd.o)
    0x080002b0   0x080002b0   0x00000064   Code   RO         3754    .text               mf_w.l(fmul.o)
    0x08000314   0x08000314   0x0000007c   Code   RO         3756    .text               mf_w.l(fdiv.o)
    0x08000390   0x08000390   0x000000e4   Code   RO         3758    .text               mf_w.l(dmul.o)
    0x08000474   0x08000474   0x00000012   Code   RO         3760    .text               mf_w.l(fflti.o)
    0x08000486   0x08000486   0x00000022   Code   RO         3762    .text               mf_w.l(dflti.o)
    0x080004a8   0x080004a8   0x00000032   Code   RO         3764    .text               mf_w.l(ffixi.o)
    0x080004da   0x080004da   0x00000032   Code   RO         3766    .text               mf_w.l(dfixui.o)
    0x0800050c   0x0800050c   0x00000000   Code   RO         3782    .text               mc_w.l(iusefp.o)
    0x0800050c   0x0800050c   0x0000006e   Code   RO         3783    .text               mf_w.l(fepilogue.o)
    0x0800057a   0x0800057a   0x000000ba   Code   RO         3785    .text               mf_w.l(depilogue.o)
    0x08000634   0x08000634   0x00000024   Code   RO         3787    .text               mc_w.l(init.o)
    0x08000658   0x08000658   0x0000001e   Code   RO         3789    .text               mc_w.l(llshl.o)
    0x08000676   0x08000676   0x00000002   Code   RO          328    i.BusFault_Handler  stm32f1xx_it.o
    0x08000678   0x08000678   0x00000028   Code   RO           13    i.DWT_Delay         dwt_delay.o
    0x080006a0   0x080006a0   0x00000028   Code   RO           14    i.DWT_Init          dwt_delay.o
    0x080006c8   0x080006c8   0x00000002   Code   RO          329    i.DebugMon_Handler  stm32f1xx_it.o
    0x080006ca   0x080006ca   0x00000002   PAD
    0x080006cc   0x080006cc   0x00000060   Code   RO          330    i.EXTI15_10_IRQHandler  stm32f1xx_it.o
    0x0800072c   0x0800072c   0x0000005c   Code   RO          331    i.EXTI1_IRQHandler  stm32f1xx_it.o
    0x08000788   0x08000788   0x00000060   Code   RO          332    i.EXTI9_5_IRQHandler  stm32f1xx_it.o
    0x080007e8   0x080007e8   0x00000098   Code   RO         2110    i.HAL_DMA_Abort_IT  stm32f1xx_hal_dma.o
    0x08000880   0x08000880   0x00000024   Code   RO         1752    i.HAL_Delay         stm32f1xx_hal.o
    0x080008a4   0x080008a4   0x00000002   Code   RO         2043    i.HAL_GPIO_EXTI_Callback  stm32f1xx_hal_gpio.o
    0x080008a6   0x080008a6   0x00000002   PAD
    0x080008a8   0x080008a8   0x00000018   Code   RO         2044    i.HAL_GPIO_EXTI_IRQHandler  stm32f1xx_hal_gpio.o
    0x080008c0   0x080008c0   0x000001bc   Code   RO         2045    i.HAL_GPIO_Init     stm32f1xx_hal_gpio.o
    0x08000a7c   0x08000a7c   0x0000000a   Code   RO         2047    i.HAL_GPIO_ReadPin  stm32f1xx_hal_gpio.o
    0x08000a86   0x08000a86   0x0000000a   Code   RO         2049    i.HAL_GPIO_WritePin  stm32f1xx_hal_gpio.o
    0x08000a90   0x08000a90   0x0000000c   Code   RO         1756    i.HAL_GetTick       stm32f1xx_hal.o
    0x08000a9c   0x08000a9c   0x00000010   Code   RO         1760    i.HAL_IncTick       stm32f1xx_hal.o
    0x08000aac   0x08000aac   0x00000024   Code   RO         1761    i.HAL_Init          stm32f1xx_hal.o
    0x08000ad0   0x08000ad0   0x00000074   Code   RO          479    i.HAL_InitTick      stm32f1xx_hal_timebase_tim.o
    0x08000b44   0x08000b44   0x00000090   Code   RO          431    i.HAL_MspInit       stm32f1xx_hal_msp.o
    0x08000bd4   0x08000bd4   0x00000016   Code   RO         2205    i.HAL_NVIC_EnableIRQ  stm32f1xx_hal_cortex.o
    0x08000bea   0x08000bea   0x00000002   PAD
    0x08000bec   0x08000bec   0x00000040   Code   RO         2211    i.HAL_NVIC_SetPriority  stm32f1xx_hal_cortex.o
    0x08000c2c   0x08000c2c   0x00000024   Code   RO         2212    i.HAL_NVIC_SetPriorityGrouping  stm32f1xx_hal_cortex.o
    0x08000c50   0x08000c50   0x00000154   Code   RO         1905    i.HAL_RCC_ClockConfig  stm32f1xx_hal_rcc.o
    0x08000da4   0x08000da4   0x00000040   Code   RO         1909    i.HAL_RCC_GetClockConfig  stm32f1xx_hal_rcc.o
    0x08000de4   0x08000de4   0x0000000c   Code   RO         1910    i.HAL_RCC_GetHCLKFreq  stm32f1xx_hal_rcc.o
    0x08000df0   0x08000df0   0x00000020   Code   RO         1912    i.HAL_RCC_GetPCLK1Freq  stm32f1xx_hal_rcc.o
    0x08000e10   0x08000e10   0x00000020   Code   RO         1913    i.HAL_RCC_GetPCLK2Freq  stm32f1xx_hal_rcc.o
    0x08000e30   0x08000e30   0x0000006c   Code   RO         1914    i.HAL_RCC_GetSysClockFreq  stm32f1xx_hal_rcc.o
    0x08000e9c   0x08000e9c   0x00000304   Code   RO         1917    i.HAL_RCC_OscConfig  stm32f1xx_hal_rcc.o
    0x080011a0   0x080011a0   0x00000018   Code   RO         2214    i.HAL_SYSTICK_CLKSourceConfig  stm32f1xx_hal_cortex.o
    0x080011b8   0x080011b8   0x00000028   Code   RO         2216    i.HAL_SYSTICK_Config  stm32f1xx_hal_cortex.o
    0x080011e0   0x080011e0   0x00000002   Code   RO         1186    i.HAL_TIMEx_BreakCallback  stm32f1xx_hal_tim_ex.o
    0x080011e2   0x080011e2   0x00000002   Code   RO         1187    i.HAL_TIMEx_CommutationCallback  stm32f1xx_hal_tim_ex.o
    0x080011e4   0x080011e4   0x00000050   Code   RO         1203    i.HAL_TIMEx_MasterConfigSynchronization  stm32f1xx_hal_tim_ex.o
    0x08001234   0x08001234   0x00000036   Code   RO          557    i.HAL_TIM_Base_Init  stm32f1xx_hal_tim.o
    0x0800126a   0x0800126a   0x00000002   PAD
    0x0800126c   0x0800126c   0x0000003c   Code   RO          433    i.HAL_TIM_Base_MspInit  stm32f1xx_hal_msp.o
    0x080012a8   0x080012a8   0x00000018   Code   RO          562    i.HAL_TIM_Base_Start_IT  stm32f1xx_hal_tim.o
    0x080012c0   0x080012c0   0x000000f2   Code   RO          566    i.HAL_TIM_ConfigClockSource  stm32f1xx_hal_tim.o
    0x080013b2   0x080013b2   0x00000002   Code   RO          586    i.HAL_TIM_IC_CaptureCallback  stm32f1xx_hal_tim.o
    0x080013b4   0x080013b4   0x00000166   Code   RO          599    i.HAL_TIM_IRQHandler  stm32f1xx_hal_tim.o
    0x0800151a   0x0800151a   0x00000002   Code   RO          602    i.HAL_TIM_OC_DelayElapsedCallback  stm32f1xx_hal_tim.o
    0x0800151c   0x0800151c   0x00000002   Code   RO          629    i.HAL_TIM_PWM_PulseFinishedCallback  stm32f1xx_hal_tim.o
    0x0800151e   0x0800151e   0x00000002   PAD
    0x08001520   0x08001520   0x00000014   Code   RO          128    i.HAL_TIM_PeriodElapsedCallback  main.o
    0x08001534   0x08001534   0x00000002   Code   RO          640    i.HAL_TIM_TriggerCallback  stm32f1xx_hal_tim.o
    0x08001536   0x08001536   0x00000002   Code   RO         1440    i.HAL_UART_ErrorCallback  stm32f1xx_hal_uart.o
    0x08001538   0x08001538   0x00000110   Code   RO         1443    i.HAL_UART_IRQHandler  stm32f1xx_hal_uart.o
    0x08001648   0x08001648   0x00000062   Code   RO         1444    i.HAL_UART_Init     stm32f1xx_hal_uart.o
    0x080016aa   0x080016aa   0x00000002   PAD
    0x080016ac   0x080016ac   0x000000a4   Code   RO          435    i.HAL_UART_MspInit  stm32f1xx_hal_msp.o
    0x08001750   0x08001750   0x000000b8   Code   RO         1447    i.HAL_UART_Receive  stm32f1xx_hal_uart.o
    0x08001808   0x08001808   0x00000002   Code   RO         1450    i.HAL_UART_RxCpltCallback  stm32f1xx_hal_uart.o
    0x0800180a   0x0800180a   0x000000ba   Code   RO         1452    i.HAL_UART_Transmit  stm32f1xx_hal_uart.o
    0x080018c4   0x080018c4   0x00000002   Code   RO         1455    i.HAL_UART_TxCpltCallback  stm32f1xx_hal_uart.o
    0x080018c6   0x080018c6   0x00000002   Code   RO          333    i.HardFault_Handler  stm32f1xx_it.o
    0x080018c8   0x080018c8   0x000000c8   Code   RO          129    i.MX_GPIO_Init      main.o
    0x08001990   0x08001990   0x00000058   Code   RO          130    i.MX_TIM3_Init      main.o
    0x080019e8   0x080019e8   0x00000334   Code   RO          131    i.MainMoveFunc      main.o
    0x08001d1c   0x08001d1c   0x00000002   Code   RO          334    i.MemManage_Handler  stm32f1xx_it.o
    0x08001d1e   0x08001d1e   0x00000002   Code   RO          335    i.NMI_Handler       stm32f1xx_it.o
    0x08001d20   0x08001d20   0x00000020   Code   RO         2218    i.NVIC_SetPriority  stm32f1xx_hal_cortex.o
    0x08001d40   0x08001d40   0x00000108   Code   RO          132    i.ReadDist          main.o
    0x08001e48   0x08001e48   0x00000008   Code   RO          133    i.StartDefaultTask  main.o
    0x08001e50   0x08001e50   0x00000004   Code   RO          336    i.SysTick_Handler   stm32f1xx_it.o
    0x08001e54   0x08001e54   0x0000005a   Code   RO          134    i.SystemClock_Config  main.o
    0x08001eae   0x08001eae   0x00000002   PAD
    0x08001eb0   0x08001eb0   0x00000048   Code   RO         2634    i.SystemInit        system_stm32f1xx.o
    0x08001ef8   0x08001ef8   0x0000000c   Code   RO          337    i.TIM1_UP_IRQHandler  stm32f1xx_it.o
    0x08001f04   0x08001f04   0x0000002c   Code   RO          338    i.TIM3_IRQHandler   stm32f1xx_it.o
    0x08001f30   0x08001f30   0x0000006c   Code   RO          641    i.TIM_Base_SetConfig  stm32f1xx_hal_tim.o
    0x08001f9c   0x08001f9c   0x00000014   Code   RO          648    i.TIM_ETR_SetConfig  stm32f1xx_hal_tim.o
    0x08001fb0   0x08001fb0   0x00000010   Code   RO          649    i.TIM_ITRx_SetConfig  stm32f1xx_hal_tim.o
    0x08001fc0   0x08001fc0   0x00000022   Code   RO          655    i.TIM_TI1_ConfigInputStage  stm32f1xx_hal_tim.o
    0x08001fe2   0x08001fe2   0x00000024   Code   RO          657    i.TIM_TI2_ConfigInputStage  stm32f1xx_hal_tim.o
    0x08002006   0x08002006   0x00000010   Code   RO         1457    i.UART_DMAAbortOnError  stm32f1xx_hal_uart.o
    0x08002016   0x08002016   0x0000001c   Code   RO         1467    i.UART_EndRxTransfer  stm32f1xx_hal_uart.o
    0x08002032   0x08002032   0x00000096   Code   RO         1469    i.UART_Receive_IT   stm32f1xx_hal_uart.o
    0x080020c8   0x080020c8   0x00000170   Code   RO         1470    i.UART_SetConfig    stm32f1xx_hal_uart.o
    0x08002238   0x08002238   0x00000062   Code   RO         1471    i.UART_Transmit_IT  stm32f1xx_hal_uart.o
    0x0800229a   0x0800229a   0x00000064   Code   RO         1472    i.UART_WaitOnFlagUntilTimeout  stm32f1xx_hal_uart.o
    0x080022fe   0x080022fe   0x00000002   PAD
    0x08002300   0x08002300   0x0000009c   Code   RO          339    i.USART2_IRQHandler  stm32f1xx_it.o
    0x0800239c   0x0800239c   0x00000002   Code   RO          340    i.UsageFault_Handler  stm32f1xx_it.o
    0x0800239e   0x0800239e   0x0000000e   Code   RO         3793    i.__scatterload_copy  mc_w.l(handlers.o)
    0x080023ac   0x080023ac   0x00000002   Code   RO         3794    i.__scatterload_null  mc_w.l(handlers.o)
    0x080023ae   0x080023ae   0x0000000e   Code   RO         3795    i.__scatterload_zeroinit  mc_w.l(handlers.o)
    0x080023bc   0x080023bc   0x00000018   Code   RO          137    i.addReading        main.o
    0x080023d4   0x080023d4   0x0000000c   Code   RO          138    i.clear             main.o
    0x080023e0   0x080023e0   0x0000000c   Code   RO          139    i.clearmax          main.o
    0x080023ec   0x080023ec   0x00000016   Code   RO          140    i.diff_angle        main.o
    0x08002402   0x08002402   0x00000024   Code   RO          141    i.getReading        main.o
    0x08002426   0x08002426   0x00000002   PAD
    0x08002428   0x08002428   0x000000dc   Code   RO          142    i.goForward         main.o
    0x08002504   0x08002504   0x00000040   Code   RO          143    i.left              main.o
    0x08002544   0x08002544   0x000000e0   Code   RO          144    i.main              main.o
    0x08002624   0x08002624   0x0000000c   Code   RO         3370    i.makeFreeRtosPriority  cmsis_os.o
    0x08002630   0x08002630   0x0000000e   Code   RO         3372    i.osDelay           cmsis_os.o
    0x0800263e   0x0800263e   0x0000000a   Code   RO         3375    i.osKernelStart     cmsis_os.o
    0x08002648   0x08002648   0x00000014   Code   RO         3408    i.osSystickHandler  cmsis_os.o
    0x0800265c   0x0800265c   0x0000002e   Code   RO         3409    i.osThreadCreate    cmsis_os.o
    0x0800268a   0x0800268a   0x00000002   PAD
    0x0800268c   0x0800268c   0x00000070   Code   RO         3081    i.prvAddCurrentTaskToDelayedList  tasks.o
    0x080026fc   0x080026fc   0x000000d0   Code   RO         3082    i.prvAddNewTaskToReadyList  tasks.o
    0x080027cc   0x080027cc   0x00000050   Code   RO         3083    i.prvCheckTasksWaitingTermination  tasks.o
    0x0800281c   0x0800281c   0x00000014   Code   RO         3084    i.prvDeleteTCB      tasks.o
    0x08002830   0x08002830   0x0000004c   Code   RO         2668    i.prvHeapInit       heap_4.o
    0x0800287c   0x0800287c   0x00000028   Code   RO         3085    i.prvIdleTask       tasks.o
    0x080028a4   0x080028a4   0x0000008e   Code   RO         3086    i.prvInitialiseNewTask  tasks.o
    0x08002932   0x08002932   0x00000002   PAD
    0x08002934   0x08002934   0x0000004c   Code   RO         2669    i.prvInsertBlockIntoFreeList  heap_4.o
    0x08002980   0x08002980   0x00000020   Code   RO         3087    i.prvResetNextTaskUnblockTime  tasks.o
    0x080029a0   0x080029a0   0x00000028   Code   RO         2739    i.prvTaskExitError  port.o
    0x080029c8   0x080029c8   0x000000d8   Code   RO         2670    i.pvPortMalloc      heap_4.o
    0x08002aa0   0x08002aa0   0x00000024   Code   RO         2740    i.pxPortInitialiseStack  port.o
    0x08002ac4   0x08002ac4   0x00000040   Code   RO          145    i.right             main.o
    0x08002b04   0x08002b04   0x00000020   Code   RO          146    i.stop              main.o
    0x08002b24   0x08002b24   0x00000024   Code   RO         2904    i.uxListRemove      list.o
    0x08002b48   0x08002b48   0x00000016   Code   RO         2905    i.vListInitialise   list.o
    0x08002b5e   0x08002b5e   0x00000006   Code   RO         2906    i.vListInitialiseItem  list.o
    0x08002b64   0x08002b64   0x00000030   Code   RO         2907    i.vListInsert       list.o
    0x08002b94   0x08002b94   0x00000018   Code   RO         2908    i.vListInsertEnd    list.o
    0x08002bac   0x08002bac   0x00000040   Code   RO         2742    i.vPortEnterCritical  port.o
    0x08002bec   0x08002bec   0x00000028   Code   RO         2743    i.vPortExitCritical  port.o
    0x08002c14   0x08002c14   0x0000005c   Code   RO         2671    i.vPortFree         heap_4.o
    0x08002c70   0x08002c70   0x00000020   Code   RO         2744    i.vPortSetupTimerInterrupt  port.o
    0x08002c90   0x08002c90   0x0000004c   Code   RO         3095    i.vTaskDelay        tasks.o
    0x08002cdc   0x08002cdc   0x00000068   Code   RO         3106    i.vTaskStartScheduler  tasks.o
    0x08002d44   0x08002d44   0x00000010   Code   RO         3108    i.vTaskSuspendAll   tasks.o
    0x08002d54   0x08002d54   0x0000005c   Code   RO         3109    i.vTaskSwitchContext  tasks.o
    0x08002db0   0x08002db0   0x00000074   Code   RO         2746    i.xPortStartScheduler  port.o
    0x08002e24   0x08002e24   0x0000002c   Code   RO         2747    i.xPortSysTickHandler  port.o
    0x08002e50   0x08002e50   0x00000056   Code   RO         3111    i.xTaskCreate       tasks.o
    0x08002ea6   0x08002ea6   0x00000002   PAD
    0x08002ea8   0x08002ea8   0x0000001c   Code   RO         3115    i.xTaskGetSchedulerState  tasks.o
    0x08002ec4   0x08002ec4   0x000000c8   Code   RO         3118    i.xTaskIncrementTick  tasks.o
    0x08002f8c   0x08002f8c   0x000000c4   Code   RO         3124    i.xTaskResumeAll    tasks.o
    0x08003050   0x08003050   0x0000003c   Data   RO          148    .constdata          main.o
    0x0800308c   0x0800308c   0x00000010   Data   RO         2635    .constdata          system_stm32f1xx.o
    0x0800309c   0x0800309c   0x00000008   Data   RO         2636    .constdata          system_stm32f1xx.o
    0x080030a4   0x080030a4   0x00000028   Data   RO          149    .conststring        main.o
    0x080030cc   0x080030cc   0x00000020   Data   RO         3791    Region$$Table       anon$$obj.o


    Execution Region RW_IRAM1 (Exec base: 0x20000000, Load base: 0x080030ec, Size: 0x00001310, Max: 0x00005000, ABSOLUTE)

    Exec Addr    Load Addr    Size         Type   Attr      Idx    E Section Name        Object

    0x20000000   0x080030ec   0x00000060   Data   RW          150    .data               main.o
    0x20000060   0x0800314c   0x0000001c   Data   RW          341    .data               stm32f1xx_it.o
    0x2000007c   0x08003168   0x0000000c   Data   RW         1768    .data               stm32f1xx_hal.o
    0x20000088   0x08003174   0x00000004   Data   RW         2637    .data               system_stm32f1xx.o
    0x2000008c   0x08003178   0x00000018   Data   RW         2676    .data               heap_4.o
    0x200000a4   0x08003190   0x0000000c   Data   RW         2748    .data               port.o
    0x200000b0   0x0800319c   0x0000003c   Data   RW         3127    .data               tasks.o
    0x200000ec        -       0x000000f0   Zero   RW          147    .bss                main.o
    0x200001dc        -       0x00000040   Zero   RW          482    .bss                stm32f1xx_hal_timebase_tim.o
    0x2000021c        -       0x00000c00   Zero   RW         2675    .bss                heap_4.o
    0x20000e1c        -       0x000000f0   Zero   RW         3126    .bss                tasks.o
    0x20000f0c   0x080031d8   0x00000004   PAD
    0x20000f10        -       0x00000400   Zero   RW            1    STACK               startup_stm32f103xb.o


==============================================================================

Image component sizes


      Code (inc. data)   RO Data    RW Data    ZI Data      Debug   Object Name

       102          0          0          0          0      13196   cmsis_os.o
        80         20          0          0          0     432767   dwt_delay.o
         0          0          0          0          0       8092   event_groups.o
       460         24          0         24       3072       8711   heap_4.o
       136          0          0          0          0       3386   list.o
      2200        146        100         96        240      33808   main.o
       522         62          0         12          0      10192   port.o
        36          8        236          0       1024        800   startup_stm32f103xb.o
       100         18          0         12          0       3178   stm32f1xx_hal.o
       218         14          0          0          0      26345   stm32f1xx_hal_cortex.o
       152          4          0          0          0       1099   stm32f1xx_hal_dma.o
       490         42          0          0          0       4611   stm32f1xx_hal_gpio.o
       368         38          0          0          0       2268   stm32f1xx_hal_msp.o
      1360        114          0          0          0       6265   stm32f1xx_hal_rcc.o
       900         14          0          0          0       9423   stm32f1xx_hal_tim.o
        84          0          0          0          0       2326   stm32f1xx_hal_tim_ex.o
       116         18          0          0         64       1440   stm32f1xx_hal_timebase_tim.o
      1506         10          0          0          0      10134   stm32f1xx_hal_uart.o
       512        138          0         28          0       7312   stm32f1xx_it.o
        72         16         24          4          0       1159   system_stm32f1xx.o
      1432        122          0         60        240      15575   tasks.o

    ----------------------------------------------------------------------
     10872        808        392        236       4644     602087   Object Totals
         0          0         32          0          0          0   (incl. Generated)
        26          0          0          0          4          0   (incl. Padding)

    ----------------------------------------------------------------------

      Code (inc. data)   RO Data    RW Data    ZI Data      Debug   Library Member Name

         0          0          0          0          0          0   entry.o
         0          0          0          0          0          0   entry10a.o
         0          0          0          0          0          0   entry11a.o
         8          4          0          0          0          0   entry2.o
         4          0          0          0          0          0   entry5.o
         0          0          0          0          0          0   entry7b.o
         0          0          0          0          0          0   entry8b.o
         8          4          0          0          0          0   entry9a.o
        30          0          0          0          0          0   handlers.o
        36          8          0          0          0         68   init.o
         0          0          0          0          0          0   iusefp.o
        30          0          0          0          0         68   llshl.o
        32          0          0          0          0         68   llushr.o
        36          0          0          0          0         68   memcpya.o
       186          0          0          0          0        176   depilogue.o
        50          0          0          0          0         76   dfixui.o
        34          0          0          0          0         76   dflti.o
       228          0          0          0          0         96   dmul.o
       176          0          0          0          0        140   fadd.o
       124          0          0          0          0         88   fdiv.o
       110          0          0          0          0        168   fepilogue.o
        50          0          0          0          0         68   ffixi.o
        18          0          0          0          0         68   fflti.o
       100          0          0          0          0         76   fmul.o

    ----------------------------------------------------------------------
      1260         16          0          0          0       1304   Library Totals
         0          0          0          0          0          0   (incl. Padding)

    ----------------------------------------------------------------------

      Code (inc. data)   RO Data    RW Data    ZI Data      Debug   Library Name

       184         16          0          0          0        272   mc_w.l
      1076          0          0          0          0       1032   mf_w.l

    ----------------------------------------------------------------------
      1260         16          0          0          0       1304   Library Totals

    ----------------------------------------------------------------------

==============================================================================


      Code (inc. data)   RO Data    RW Data    ZI Data      Debug   

     12132        824        392        236       4644     596523   Grand Totals
     12132        824        392        236       4644     596523   ELF Image Totals
     12132        824        392        236          0          0   ROM Totals

==============================================================================

    Total RO  Size (Code + RO Data)                12524 (  12.23kB)
    Total RW  Size (RW Data + ZI Data)              4880 (   4.77kB)
    Total ROM Size (Code + RO Data + RW Data)      12760 (  12.46kB)

==============================================================================

